Archive member included to satisfy reference by file (symbol)

c:/st/stm32cubeide_1.2.0/stm32cubeide/plugins/com.st.stm32cube.ide.mcu.externaltools.gnu-tools-for-stm32.7-2018-q2-update.win32_1.0.0.201904181610/tools/bin/../lib/gcc/arm-none-eabi/7.3.1/../../../../arm-none-eabi/lib/thumb/v7e-m/fpv4-sp/hard\libm.a(lib_a-s_trunc.o)
                              Core/Src/main.o (trunc)
c:/st/stm32cubeide_1.2.0/stm32cubeide/plugins/com.st.stm32cube.ide.mcu.externaltools.gnu-tools-for-stm32.7-2018-q2-update.win32_1.0.0.201904181610/tools/bin/../lib/gcc/arm-none-eabi/7.3.1/../../../../arm-none-eabi/lib/thumb/v7e-m/fpv4-sp/hard\libc_nano.a(lib_a-errno.o)
                              Core/Src/syscalls.o (__errno)
c:/st/stm32cubeide_1.2.0/stm32cubeide/plugins/com.st.stm32cube.ide.mcu.externaltools.gnu-tools-for-stm32.7-2018-q2-update.win32_1.0.0.201904181610/tools/bin/../lib/gcc/arm-none-eabi/7.3.1/../../../../arm-none-eabi/lib/thumb/v7e-m/fpv4-sp/hard\libc_nano.a(lib_a-exit.o)
                              c:/st/stm32cubeide_1.2.0/stm32cubeide/plugins/com.st.stm32cube.ide.mcu.externaltools.gnu-tools-for-stm32.7-2018-q2-update.win32_1.0.0.201904181610/tools/bin/../lib/gcc/arm-none-eabi/7.3.1/../../../../arm-none-eabi/lib/thumb/v7e-m/fpv4-sp/hard/crt0.o (exit)
c:/st/stm32cubeide_1.2.0/stm32cubeide/plugins/com.st.stm32cube.ide.mcu.externaltools.gnu-tools-for-stm32.7-2018-q2-update.win32_1.0.0.201904181610/tools/bin/../lib/gcc/arm-none-eabi/7.3.1/../../../../arm-none-eabi/lib/thumb/v7e-m/fpv4-sp/hard\libc_nano.a(lib_a-impure.o)
                              c:/st/stm32cubeide_1.2.0/stm32cubeide/plugins/com.st.stm32cube.ide.mcu.externaltools.gnu-tools-for-stm32.7-2018-q2-update.win32_1.0.0.201904181610/tools/bin/../lib/gcc/arm-none-eabi/7.3.1/../../../../arm-none-eabi/lib/thumb/v7e-m/fpv4-sp/hard\libc_nano.a(lib_a-exit.o) (_global_impure_ptr)
c:/st/stm32cubeide_1.2.0/stm32cubeide/plugins/com.st.stm32cube.ide.mcu.externaltools.gnu-tools-for-stm32.7-2018-q2-update.win32_1.0.0.201904181610/tools/bin/../lib/gcc/arm-none-eabi/7.3.1/../../../../arm-none-eabi/lib/thumb/v7e-m/fpv4-sp/hard\libc_nano.a(lib_a-init.o)
                              c:/st/stm32cubeide_1.2.0/stm32cubeide/plugins/com.st.stm32cube.ide.mcu.externaltools.gnu-tools-for-stm32.7-2018-q2-update.win32_1.0.0.201904181610/tools/bin/../lib/gcc/arm-none-eabi/7.3.1/../../../../arm-none-eabi/lib/thumb/v7e-m/fpv4-sp/hard/crt0.o (__libc_init_array)
c:/st/stm32cubeide_1.2.0/stm32cubeide/plugins/com.st.stm32cube.ide.mcu.externaltools.gnu-tools-for-stm32.7-2018-q2-update.win32_1.0.0.201904181610/tools/bin/../lib/gcc/arm-none-eabi/7.3.1/../../../../arm-none-eabi/lib/thumb/v7e-m/fpv4-sp/hard\libc_nano.a(lib_a-memcpy-stub.o)
                              Drivers/vl53l0x/vl53l0x_api.o (memcpy)
c:/st/stm32cubeide_1.2.0/stm32cubeide/plugins/com.st.stm32cube.ide.mcu.externaltools.gnu-tools-for-stm32.7-2018-q2-update.win32_1.0.0.201904181610/tools/bin/../lib/gcc/arm-none-eabi/7.3.1/../../../../arm-none-eabi/lib/thumb/v7e-m/fpv4-sp/hard\libc_nano.a(lib_a-memset.o)
                              c:/st/stm32cubeide_1.2.0/stm32cubeide/plugins/com.st.stm32cube.ide.mcu.externaltools.gnu-tools-for-stm32.7-2018-q2-update.win32_1.0.0.201904181610/tools/bin/../lib/gcc/arm-none-eabi/7.3.1/../../../../arm-none-eabi/lib/thumb/v7e-m/fpv4-sp/hard/crt0.o (memset)
c:/st/stm32cubeide_1.2.0/stm32cubeide/plugins/com.st.stm32cube.ide.mcu.externaltools.gnu-tools-for-stm32.7-2018-q2-update.win32_1.0.0.201904181610/tools/bin/../lib/gcc/arm-none-eabi/7.3.1/../../../../arm-none-eabi/lib/thumb/v7e-m/fpv4-sp/hard\libc_nano.a(lib_a-puts.o)
                              Drivers/vl53l0x/vl53l0x_proximity.o (puts)
c:/st/stm32cubeide_1.2.0/stm32cubeide/plugins/com.st.stm32cube.ide.mcu.externaltools.gnu-tools-for-stm32.7-2018-q2-update.win32_1.0.0.201904181610/tools/bin/../lib/gcc/arm-none-eabi/7.3.1/../../../../arm-none-eabi/lib/thumb/v7e-m/fpv4-sp/hard\libc_nano.a(lib_a-snprintf.o)
                              Core/Src/main.o (snprintf)
c:/st/stm32cubeide_1.2.0/stm32cubeide/plugins/com.st.stm32cube.ide.mcu.externaltools.gnu-tools-for-stm32.7-2018-q2-update.win32_1.0.0.201904181610/tools/bin/../lib/gcc/arm-none-eabi/7.3.1/../../../../arm-none-eabi/lib/thumb/v7e-m/fpv4-sp/hard\libc_nano.a(lib_a-sprintf.o)
                              Middlewares/Third_Party/FreeRTOS/Source/tasks.o (sprintf)
c:/st/stm32cubeide_1.2.0/stm32cubeide/plugins/com.st.stm32cube.ide.mcu.externaltools.gnu-tools-for-stm32.7-2018-q2-update.win32_1.0.0.201904181610/tools/bin/../lib/gcc/arm-none-eabi/7.3.1/../../../../arm-none-eabi/lib/thumb/v7e-m/fpv4-sp/hard\libc_nano.a(lib_a-strcpy.o)
                              Drivers/vl53l0x/vl53l0x_api_core.o (strcpy)
c:/st/stm32cubeide_1.2.0/stm32cubeide/plugins/com.st.stm32cube.ide.mcu.externaltools.gnu-tools-for-stm32.7-2018-q2-update.win32_1.0.0.201904181610/tools/bin/../lib/gcc/arm-none-eabi/7.3.1/../../../../arm-none-eabi/lib/thumb/v7e-m/fpv4-sp/hard\libc_nano.a(lib_a-strlen.o)
[...]
Memory Configuration

Name             Origin             Length             Attributes
RAM              0x0000000020000000 0x0000000000018000 xrw
RAM2             0x0000000010000000 0x0000000000008000 xrw
FLASH            0x0000000008000000 0x0000000000100000 xr
*default*        0x0000000000000000 0xffffffffffffffff

Linker script and memory map

LOAD c:/st/stm32cubeide_1.2.0/stm32cubeide/plugins/com.st.stm32cube.ide.mcu.externaltools.gnu-tools-for-stm32.7-2018-q2-update.win32_1.0.0.201904181610/tools/bin/../lib/gcc/arm-none-eabi/7.3.1/thumb/v7e-m/fpv4-sp/hard/crti.o
LOAD c:/st/stm32cubeide_1.2.0/stm32cubeide/plugins/com.st.stm32cube.ide.mcu.externaltools.gnu-tools-for-stm32.7-2018-q2-update.win32_1.0.0.201904181610/tools/bin/../lib/gcc/arm-none-eabi/7.3.1/thumb/v7e-m/fpv4-sp/hard/crtbegin.o
LOAD c:/st/stm32cubeide_1.2.0/stm32cubeide/plugins/com.st.stm32cube.ide.mcu.externaltools.gnu-tools-for-stm32.7-2018-q2-update.win32_1.0.0.201904181610/tools/bin/../lib/gcc/arm-none-eabi/7.3.1/../../../../arm-none-eabi/lib/thumb/v7e-m/fpv4-sp/hard/crt0.o
LOAD Core/Src/freertos.o
LOAD Core/Src/main.o
LOAD Core/Src/stm32l4xx_hal_msp.o
LOAD Core/Src/stm32l4xx_it.o
LOAD Core/Src/syscalls.o
LOAD Core/Src/sysmem.o
LOAD Core/Src/system_stm32l4xx.o
LOAD Core/Startup/startup_stm32l475vgtx.o
LOAD Drivers/BSP_B-L475E-IOT01-bfe8272ced90/Drivers/BSP/B-L475E-IOT01/stm32l475e_iot01_accelero.o
LOAD Drivers/BSP_B-L475E-IOT01-bfe8272ced90/Drivers/BSP/B-L475E-IOT01/stm32l475e_iot01_gyro.o
LOAD Drivers/BSP_B-L475E-IOT01-bfe8272ced90/Drivers/BSP/B-L475E-IOT01/stm32l475e_iot01_hsensor.o
LOAD Drivers/BSP_B-L475E-IOT01-bfe8272ced90/Drivers/BSP/B-L475E-IOT01/stm32l475e_iot01_magneto.o
LOAD Drivers/BSP_B-L475E-IOT01-bfe8272ced90/Drivers/BSP/B-L475E-IOT01/stm32l475e_iot01_psensor.o
LOAD Drivers/BSP_B-L475E-IOT01-bfe8272ced90/Drivers/BSP/B-L475E-IOT01/stm32l475e_iot01_qspi.o
LOAD Drivers/BSP_B-L475E-IOT01-bfe8272ced90/Drivers/BSP/B-L475E-IOT01/stm32l475e_iot01_tsensor.o
LOAD Drivers/BSP_B-L475E-IOT01-bfe8272ced90/Drivers/BSP/Components/hts221/hts221.o
LOAD Drivers/BSP_B-L475E-IOT01-bfe8272ced90/Drivers/BSP/Components/lis3mdl/lis3mdl.o
LOAD Drivers/BSP_B-L475E-IOT01-bfe8272ced90/Drivers/BSP/Components/lps22hb/lps22hb.o
LOAD Drivers/BSP_B-L475E-IOT01-bfe8272ced90/Drivers/BSP/Components/lsm6dsl/lsm6dsl.o
LOAD Drivers/STM32L4xx_HAL_Driver/Src/stm32l4xx_hal.o
LOAD Drivers/STM32L4xx_HAL_Driver/Src/stm32l4xx_hal_cortex.o
LOAD Drivers/STM32L4xx_HAL_Driver/Src/stm32l4xx_hal_dfsdm.o
LOAD Drivers/STM32L4xx_HAL_Driver/Src/stm32l4xx_hal_dma.o
LOAD Drivers/STM32L4xx_HAL_Driver/Src/stm32l4xx_hal_dma_ex.o
LOAD Drivers/STM32L4xx_HAL_Driver/Src/stm32l4xx_hal_exti.o
LOAD Drivers/STM32L4xx_HAL_Driver/Src/stm32l4xx_hal_flash.o
LOAD Drivers/STM32L4xx_HAL_Driver/Src/stm32l4xx_hal_flash_ex.o
LOAD Drivers/STM32L4xx_HAL_Driver/Src/stm32l4xx_hal_flash_ramfunc.o
LOAD Drivers/STM32L4xx_HAL_Driver/Src/stm32l4xx_hal_gpio.o
LOAD Drivers/STM32L4xx_HAL_Driver/Src/stm32l4xx_hal_i2c.o
LOAD Drivers/STM32L4xx_HAL_Driver/Src/stm32l4xx_hal_i2c_ex.o
LOAD Drivers/STM32L4xx_HAL_Driver/Src/stm32l4xx_hal_pcd.o
LOAD Drivers/STM32L4xx_HAL_Driver/Src/stm32l4xx_hal_pcd_ex.o
LOAD Drivers/STM32L4xx_HAL_Driver/Src/stm32l4xx_hal_pwr.o
LOAD Drivers/STM32L4xx_HAL_Driver/Src/stm32l4xx_hal_pwr_ex.o
LOAD Drivers/STM32L4xx_HAL_Driver/Src/stm32l4xx_hal_qspi.o
LOAD Drivers/STM32L4xx_HAL_Driver/Src/stm32l4xx_hal_rcc.o
LOAD Drivers/STM32L4xx_HAL_Driver/Src/stm32l4xx_hal_rcc_ex.o
LOAD Drivers/STM32L4xx_HAL_Driver/Src/stm32l4xx_hal_spi.o
LOAD Drivers/STM32L4xx_HAL_Driver/Src/stm32l4xx_hal_spi_ex.o
LOAD Drivers/STM32L4xx_HAL_Driver/Src/stm32l4xx_hal_tim.o
LOAD Drivers/STM32L4xx_HAL_Driver/Src/stm32l4xx_hal_tim_ex.o
LOAD Drivers/STM32L4xx_HAL_Driver/Src/stm32l4xx_hal_uart.o
LOAD Drivers/STM32L4xx_HAL_Driver/Src/stm32l4xx_hal_uart_ex.o
LOAD Drivers/STM32L4xx_HAL_Driver/Src/stm32l4xx_ll_usb.o
LOAD Drivers/vl53l0x/ring_buffer.o
LOAD Drivers/vl53l0x/stm32l475e_iot01.o
LOAD Drivers/vl53l0x/tof_gestures_DIRSWIPE_1.o
LOAD Drivers/vl53l0x/tof_gestures_SWIPE_1.o
LOAD Drivers/vl53l0x/tof_gestures_TAP_1.o
LOAD Drivers/vl53l0x/tof_motion.o
LOAD Drivers/vl53l0x/vl53l0x_api.o
LOAD Drivers/vl53l0x/vl53l0x_api_calibration.o
LOAD Drivers/vl53l0x/vl53l0x_api_core.o
LOAD Drivers/vl53l0x/vl53l0x_api_ranging.o
LOAD Drivers/vl53l0x/vl53l0x_api_strings.o
LOAD Drivers/vl53l0x/vl53l0x_platform.o
LOAD Drivers/vl53l0x/vl53l0x_platform_log.o
LOAD Drivers/vl53l0x/vl53l0x_proximity.o
LOAD Middlewares/Third_Party/FreeRTOS/Source/CMSIS_RTOS/cmsis_os.o
LOAD Middlewares/Third_Party/FreeRTOS/Source/croutine.o
LOAD Middlewares/Third_Party/FreeRTOS/Source/event_groups.o
LOAD Middlewares/Third_Party/FreeRTOS/Source/list.o
LOAD Middlewares/Third_Party/FreeRTOS/Source/queue.o
LOAD Middlewares/Third_Party/FreeRTOS/Source/stream_buffer.o
LOAD Middlewares/Third_Party/FreeRTOS/Source/tasks.o
LOAD Middlewares/Third_Party/FreeRTOS/Source/timers.o
LOAD Middlewares/Third_Party/FreeRTOS/Source/portable/GCC/ARM_CM4F/port.o
LOAD Middlewares/Third_Party/FreeRTOS/Source/portable/MemMang/heap_4.o
START GROUP
LOAD c:/st/stm32cubeide_1.2.0/stm32cubeide/plugins/com.st.stm32cube.ide.mcu.externaltools.gnu-tools-for-stm32.7-2018-q2-update.win32_1.0.0.201904181610/tools/bin/../lib/gcc/arm-none-eabi/7.3.1/../../../../arm-none-eabi/lib/thumb/v7e-m/fpv4-sp/hard\libstdc++_nano.a
LOAD c:/st/stm32cubeide_1.2.0/stm32cubeide/plugins/com.st.stm32cube.ide.mcu.externaltools.gnu-tools-for-stm32.7-2018-q2-update.win32_1.0.0.201904181610/tools/bin/../lib/gcc/arm-none-eabi/7.3.1/../../../../arm-none-eabi/lib/thumb/v7e-m/fpv4-sp/hard\libsupc++_nano.a
END GROUP
LOAD c:/st/stm32cubeide_1.2.0/stm32cubeide/plugins/com.st.stm32cube.ide.mcu.externaltools.gnu-tools-for-stm32.7-2018-q2-update.win32_1.0.0.201904181610/tools/bin/../lib/gcc/arm-none-eabi/7.3.1/../../../../arm-none-eabi/lib/thumb/v7e-m/fpv4-sp/hard\libstdc++_nano.a
LOAD c:/st/stm32cubeide_1.2.0/stm32cubeide/plugins/com.st.stm32cube.ide.mcu.externaltools.gnu-tools-for-stm32.7-2018-q2-update.win32_1.0.0.201904181610/tools/bin/../lib/gcc/arm-none-eabi/7.3.1/../../../../arm-none-eabi/lib/thumb/v7e-m/fpv4-sp/hard\libm.a
LOAD c:/st/stm32cubeide_1.2.0/stm32cubeide/plugins/com.st.stm32cube.ide.mcu.externaltools.gnu-tools-for-stm32.7-2018-q2-update.win32_1.0.0.201904181610/tools/bin/../lib/gcc/arm-none-eabi/7.3.1/../../../../arm-none-eabi/lib/thumb/v7e-m/fpv4-sp/hard\libc_nano.a
START GROUP
LOAD c:/st/stm32cubeide_1.2.0/stm32cubeide/plugins/com.st.stm32cube.ide.mcu.externaltools.gnu-tools-for-stm32.7-2018-q2-update.win32_1.0.0.201904181610/tools/bin/../lib/gcc/arm-none-eabi/7.3.1/thumb/v7e-m/fpv4-sp/hard\libgcc.a
LOAD c:/st/stm32cubeide_1.2.0/stm32cubeide/plugins/com.st.stm32cube.ide.mcu.externaltools.gnu-tools-for-stm32.7-2018-q2-update.win32_1.0.0.201904181610/tools/bin/../lib/gcc/arm-none-eabi/7.3.1/../../../../arm-none-eabi/lib/thumb/v7e-m/fpv4-sp/hard\libc_nano.a
END GROUP
START GROUP
LOAD c:/st/stm32cubeide_1.2.0/stm32cubeide/plugins/com.st.stm32cube.ide.mcu.externaltools.gnu-tools-for-stm32.7-2018-q2-update.win32_1.0.0.201904181610/tools/bin/../lib/gcc/arm-none-eabi/7.3.1/thumb/v7e-m/fpv4-sp/hard\libgcc.a
LOAD c:/st/stm32cubeide_1.2.0/stm32cubeide/plugins/com.st.stm32cube.ide.mcu.externaltools.gnu-tools-for-stm32.7-2018-q2-update.win32_1.0.0.201904181610/tools/bin/../lib/gcc/arm-none-eabi/7.3.1/../../../../arm-none-eabi/lib/thumb/v7e-m/fpv4-sp/hard\libc_nano.a
LOAD c:/st/stm32cubeide_1.2.0/stm32cubeide/plugins/com.st.stm32cube.ide.mcu.externaltools.gnu-tools-for-stm32.7-2018-q2-update.win32_1.0.0.201904181610/tools/bin/../lib/gcc/arm-none-eabi/7.3.1/../../../../arm-none-eabi/lib/thumb/v7e-m/fpv4-sp/hard\libnosys.a
END GROUP
START GROUP
LOAD c:/st/stm32cubeide_1.2.0/stm32cubeide/plugins/com.st.stm32cube.ide.mcu.externaltools.gnu-tools-for-stm32.7-2018-q2-update.win32_1.0.0.201904181610/tools/bin/../lib/gcc/arm-none-eabi/7.3.1/thumb/v7e-m/fpv4-sp/hard\libgcc.a
LOAD c:/st/stm32cubeide_1.2.0/stm32cubeide/plugins/com.st.stm32cube.ide.mcu.externaltools.gnu-tools-for-stm32.7-2018-q2-update.win32_1.0.0.201904181610/tools/bin/../lib/gcc/arm-none-eabi/7.3.1/../../../../arm-none-eabi/lib/thumb/v7e-m/fpv4-sp/hard\libc_nano.a
LOAD c:/st/stm32cubeide_1.2.0/stm32cubeide/plugins/com.st.stm32cube.ide.mcu.externaltools.gnu-tools-for-stm32.7-2018-q2-update.win32_1.0.0.201904181610/tools/bin/../lib/gcc/arm-none-eabi/7.3.1/../../../../arm-none-eabi/lib/thumb/v7e-m/fpv4-sp/hard\libnosys.a
END GROUP
LOAD c:/st/stm32cubeide_1.2.0/stm32cubeide/plugins/com.st.stm32cube.ide.mcu.externaltools.gnu-tools-for-stm32.7-2018-q2-update.win32_1.0.0.201904181610/tools/bin/../lib/gcc/arm-none-eabi/7.3.1/thumb/v7e-m/fpv4-sp/hard/crtend.o
LOAD c:/st/stm32cubeide_1.2.0/stm32cubeide/plugins/com.st.stm32cube.ide.mcu.externaltools.gnu-tools-for-stm32.7-2018-q2-update.win32_1.0.0.201904181610/tools/bin/../lib/gcc/arm-none-eabi/7.3.1/thumb/v7e-m/fpv4-sp/hard/crtn.o
                0x0000000020018000                _estack = (ORIGIN (RAM) + LENGTH (RAM))
                0x0000000000000200                _Min_Heap_Size = 0x200
                0x0000000000000400                _Min_Stack_Size = 0x400

.isr_vector     0x0000000008000000      0x188
                0x0000000008000000                . = ALIGN (0x4)
 *(.isr_vector)
 .isr_vector    0x0000000008000000      0x188 Core/Startup/startup_stm32l475vgtx.o
                0x0000000008000000                g_pfnVectors
                0x0000000008000188                . = ALIGN (0x4)

.text           0x0000000008000190    0x10c28
                0x0000000008000190                . = ALIGN (0x4)
 *(.text)
 .text          0x0000000008000190       0x40 c:/st/stm32cubeide_1.2.0/stm32cubeide/plugins/com.st.stm32cube.ide.mcu.externaltools.gnu-tools-for-stm32.7-2018-q2-update.win32_1.0.0.201904181610/tools/bin/../lib/gcc/arm-none-eabi/7.3.1/thumb/v7e-m/fpv4-sp/hard/crtbegin.o
 .text          0x00000000080001d0       0xa0 c:/st/stm32cubeide_1.2.0/stm32cubeide/plugins/com.st.stm32cube.ide.mcu.externaltools.gnu-tools-for-stm32.7-2018-q2-update.win32_1.0.0.201904181610/tools/bin/../lib/gcc/arm-none-eabi/7.3.1/../../../../arm-none-eabi/lib/thumb/v7e-m/fpv4-sp/hard\libc_nano.a(lib_a-memchr.o)
                0x00000000080001d0                memchr
 .text          0x0000000008000270      0x378 c:/st/stm32cubeide_1.2.0/stm32cubeide/plugins/com.st.stm32cube.ide.mcu.externaltools.gnu-tools-for-stm32.7-2018-q2-update.win32_1.0.0.201904181610/tools/bin/../lib/gcc/arm-none-eabi/7.3.1/thumb/v7e-m/fpv4-sp/hard\libgcc.a(_arm_addsubdf3.o)
                0x0000000008000270                __aeabi_drsub
                0x0000000008000278                __aeabi_dsub
                0x0000000008000278                __subdf3
                0x000000000800027c                __aeabi_dadd
                0x000000000800027c                __adddf3
                0x00000000080004f4                __floatunsidf
                0x00000000080004f4                __aeabi_ui2d
                0x0000000008000514                __floatsidf
                0x0000000008000514                __aeabi_i2d
                0x0000000008000538                __aeabi_f2d
                0x0000000008000538                __extendsfdf2
                0x000000000800057c                __floatundidf
                0x000000000800057c                __aeabi_ul2d
                0x000000000800058c                __floatdidf
                0x000000000800058c                __aeabi_l2d
 .text          0x00000000080005e8       0x50 c:/st/stm32cubeide_1.2.0/stm32cubeide/plugins/com.st.stm32cube.ide.mcu.externaltools.gnu-tools-for-stm32.7-2018-q2-update.win32_1.0.0.201904181610/tools/bin/../lib/gcc/arm-none-eabi/7.3.1/thumb/v7e-m/fpv4-sp/hard\libgcc.a(_arm_fixdfsi.o)
                0x00000000080005e8                __aeabi_d2iz
                0x00000000080005e8                __fixdfsi
 .text          0x0000000008000638       0x30 c:/st/stm32cubeide_1.2.0/stm32cubeide/plugins/com.st.stm32cube.ide.mcu.externaltools.gnu-tools-for-stm32.7-2018-q2-update.win32_1.0.0.201904181610/tools/bin/../lib/gcc/arm-none-eabi/7.3.1/thumb/v7e-m/fpv4-sp/hard\libgcc.a(_aeabi_uldivmod.o)
                0x0000000008000638                __aeabi_uldivmod
 .text          0x0000000008000668      0x2cc c:/st/stm32cubeide_1.2.0/stm32cubeide/plugins/com.st.stm32cube.ide.mcu.externaltools.gnu-tools-for-stm32.7-2018-q2-update.win32_1.0.0.201904181610/tools/bin/../lib/gcc/arm-none-eabi/7.3.1/thumb/v7e-m/fpv4-sp/hard\libgcc.a(_udivmoddi4.o)
                0x0000000008000668                __udivmoddi4
 .text          0x0000000008000934        0x4 c:/st/stm32cubeide_1.2.0/stm32cubeide/plugins/com.st.stm32cube.ide.mcu.externaltools.gnu-tools-for-stm32.7-2018-q2-update.win32_1.0.0.201904181610/tools/bin/../lib/gcc/arm-none-eabi/7.3.1/thumb/v7e-m/fpv4-sp/hard\libgcc.a(_dvmd_tls.o)
                0x0000000008000934                __aeabi_idiv0
                0x0000000008000934                __aeabi_ldiv0
 *(.text*)
 .text.configureTimerForRunTimeStats
                0x0000000008000938        0xe Core/Src/freertos.o
                0x0000000008000938                configureTimerForRunTimeStats
 .text.getRunTimeCounterValue
                0x0000000008000946       0x10 Core/Src/freertos.o
                0x0000000008000946                getRunTimeCounterValue
 .text.vApplicationIdleHook
                0x0000000008000956        0xe Core/Src/freertos.o
                0x0000000008000956                vApplicationIdleHook
 .text.vApplicationTickHook
                0x0000000008000964        0xe Core/Src/freertos.o
                0x0000000008000964                vApplicationTickHook
 .text.vApplicationMallocFailedHook
                0x0000000008000972        0xe Core/Src/freertos.o
                0x0000000008000972                vApplicationMallocFailedHook
 .text.vApplicationGetIdleTaskMemory
                0x0000000008000980       0x34 Core/Src/freertos.o
                0x0000000008000980                vApplicationGetIdleTaskMemory
 .text.vApplicationGetTimerTaskMemory
                0x00000000080009b4       0x34 Core/Src/freertos.o
                0x00000000080009b4                vApplicationGetTimerTaskMemory
 .text.main     0x00000000080009e8      0x1cc Core/Src/main.o
                0x00000000080009e8                main
 .text.SystemClock_Config
                0x0000000008000bb4      0x148 Core/Src/main.o
                0x0000000008000bb4                SystemClock_Config
 .text.MX_DFSDM1_Init
                0x0000000008000cfc       0x70 Core/Src/main.o
 .text.MX_I2C2_Init
                0x0000000008000d6c       0x80 Core/Src/main.o
 .text.MX_QUADSPI_Init
                0x0000000008000dec       0x4c Core/Src/main.o
 .text.MX_SPI3_Init
                0x0000000008000e38       0x7c Core/Src/main.o
 .text.MX_USART1_UART_Init
                0x0000000008000eb4       0x60 Core/Src/main.o
 .text.MX_USART3_UART_Init
                0x0000000008000f14       0x60 Core/Src/main.o
 .text.MX_USB_OTG_FS_PCD_Init
                0x0000000008000f74       0x5c Core/Src/main.o
 .text.MX_GPIO_Init
                0x0000000008000fd0      0x360 Core/Src/main.o
 .text.StartTaskBottone
                0x0000000008001330      0x164 Core/Src/main.o
                0x0000000008001330                StartTaskBottone
 .text.StartTaskTemperatura
                0x0000000008001494      0x228 Core/Src/main.o
                0x0000000008001494                StartTaskTemperatura
 .text.StartTaskDistanza
                0x00000000080016bc      0x174 Core/Src/main.o
                0x00000000080016bc                StartTaskDistanza
 .text.StartTaskLed
                0x0000000008001830      0x228 Core/Src/main.o
                0x0000000008001830                StartTaskLed
 .text.Error_Handler
                0x0000000008001a58        0xe Core/Src/main.o
                0x0000000008001a58                Error_Handler
 *fill*         0x0000000008001a66        0x2 
 .text.HAL_MspInit
                0x0000000008001a68       0x50 Core/Src/stm32l4xx_hal_msp.o
                0x0000000008001a68                HAL_MspInit
 .text.HAL_DFSDM_ChannelMspInit
                0x0000000008001ab8       0x88 Core/Src/stm32l4xx_hal_msp.o
                0x0000000008001ab8                HAL_DFSDM_ChannelMspInit
 .text.HAL_I2C_MspInit
                0x0000000008001b40       0x88 Core/Src/stm32l4xx_hal_msp.o
                0x0000000008001b40                HAL_I2C_MspInit
 .text.HAL_I2C_MspDeInit
                0x0000000008001bc8       0x3c Core/Src/stm32l4xx_hal_msp.o
                0x0000000008001bc8                HAL_I2C_MspDeInit
 .text.HAL_QSPI_MspInit
                0x0000000008001c04       0x88 Core/Src/stm32l4xx_hal_msp.o
                0x0000000008001c04                HAL_QSPI_MspInit
 .text.HAL_SPI_MspInit
                0x0000000008001c8c       0x88 Core/Src/stm32l4xx_hal_msp.o
                0x0000000008001c8c                HAL_SPI_MspInit
 .text.HAL_UART_MspInit
                0x0000000008001d14       0xec Core/Src/stm32l4xx_hal_msp.o
                0x0000000008001d14                HAL_UART_MspInit
 .text.HAL_PCD_MspInit
                0x0000000008001e00       0xd8 Core/Src/stm32l4xx_hal_msp.o
                0x0000000008001e00                HAL_PCD_MspInit
 .text.NMI_Handler
                0x0000000008001ed8        0xe Core/Src/stm32l4xx_it.o
                0x0000000008001ed8                NMI_Handler
 .text.HardFault_Handler
                0x0000000008001ee6        0x6 Core/Src/stm32l4xx_it.o
                0x0000000008001ee6                HardFault_Handler
 .text.MemManage_Handler
                0x0000000008001eec        0x6 Core/Src/stm32l4xx_it.o
                0x0000000008001eec                MemManage_Handler
 .text.BusFault_Handler
                0x0000000008001ef2        0x6 Core/Src/stm32l4xx_it.o
                0x0000000008001ef2                BusFault_Handler
 .text.UsageFault_Handler
                0x0000000008001ef8        0x6 Core/Src/stm32l4xx_it.o
                0x0000000008001ef8                UsageFault_Handler
 .text.DebugMon_Handler
                0x0000000008001efe        0xe Core/Src/stm32l4xx_it.o
                0x0000000008001efe                DebugMon_Handler
 .text.SysTick_Handler
                0x0000000008001f0c       0x1a Core/Src/stm32l4xx_it.o
                0x0000000008001f0c                SysTick_Handler
 .text.EXTI9_5_IRQHandler
                0x0000000008001f26       0x22 Core/Src/stm32l4xx_it.o
                0x0000000008001f26                EXTI9_5_IRQHandler
 .text.EXTI15_10_IRQHandler
                0x0000000008001f48       0x30 Core/Src/stm32l4xx_it.o
                0x0000000008001f48                EXTI15_10_IRQHandler
 .text._read    0x0000000008001f78       0x3a Core/Src/syscalls.o
                0x0000000008001f78                _read
 .text._write   0x0000000008001fb2       0x38 Core/Src/syscalls.o
                0x0000000008001fb2                _write
 .text._close   0x0000000008001fea       0x18 Core/Src/syscalls.o
                0x0000000008001fea                _close
 .text._fstat   0x0000000008002002       0x20 Core/Src/syscalls.o
                0x0000000008002002                _fstat
 .text._isatty  0x0000000008002022       0x16 Core/Src/syscalls.o
                0x0000000008002022                _isatty
 .text._lseek   0x0000000008002038       0x1a Core/Src/syscalls.o
                0x0000000008002038                _lseek
 *fill*         0x0000000008002052        0x2 
 .text._sbrk    0x0000000008002054       0x58 Core/Src/sysmem.o
                0x0000000008002054                _sbrk
 .text.SystemInit
                0x00000000080020ac       0x6c Core/Src/system_stm32l4xx.o
                0x00000000080020ac                SystemInit
 .text.Reset_Handler
                0x0000000008002118       0x50 Core/Startup/startup_stm32l475vgtx.o
                0x0000000008002118                Reset_Handler
 .text.Default_Handler
                0x0000000008002168        0x2 Core/Startup/startup_stm32l475vgtx.o
                0x0000000008002168                RTC_Alarm_IRQHandler
                0x0000000008002168                EXTI2_IRQHandler
                0x0000000008002168                TIM8_TRG_COM_IRQHandler
                0x0000000008002168                TIM8_CC_IRQHandler
                0x0000000008002168                TIM1_CC_IRQHandler
                0x0000000008002168                TSC_IRQHandler
                0x0000000008002168                TAMP_STAMP_IRQHandler
                0x0000000008002168                EXTI3_IRQHandler
                0x0000000008002168                LPTIM2_IRQHandler
                0x0000000008002168                DFSDM1_FLT1_IRQHandler
                0x0000000008002168                I2C3_ER_IRQHandler
                0x0000000008002168                DFSDM1_FLT2_IRQHandler
                0x0000000008002168                EXTI0_IRQHandler
                0x0000000008002168                I2C2_EV_IRQHandler
                0x0000000008002168                CAN1_RX0_IRQHandler
                0x0000000008002168                FPU_IRQHandler
                0x0000000008002168                TIM1_UP_TIM16_IRQHandler
                0x0000000008002168                ADC1_2_IRQHandler
                0x0000000008002168                SPI1_IRQHandler
                0x0000000008002168                TIM6_DAC_IRQHandler
                0x0000000008002168                TIM8_UP_IRQHandler
                0x0000000008002168                DMA2_Channel2_IRQHandler
                0x0000000008002168                DMA1_Channel4_IRQHandler
                0x0000000008002168                SAI2_IRQHandler
                0x0000000008002168                DFSDM1_FLT3_IRQHandler
                0x0000000008002168                USART3_IRQHandler
                0x0000000008002168                DMA1_Channel7_IRQHandler
                0x0000000008002168                CAN1_RX1_IRQHandler
                0x0000000008002168                UART5_IRQHandler
                0x0000000008002168                ADC3_IRQHandler
                0x0000000008002168                TIM4_IRQHandler
                0x0000000008002168                DMA2_Channel1_IRQHandler
                0x0000000008002168                QUADSPI_IRQHandler
                0x0000000008002168                I2C1_EV_IRQHandler
                0x0000000008002168                DMA1_Channel6_IRQHandler
                0x0000000008002168                UART4_IRQHandler
                0x0000000008002168                DMA2_Channel4_IRQHandler
                0x0000000008002168                TIM3_IRQHandler
                0x0000000008002168                RCC_IRQHandler
                0x0000000008002168                DMA1_Channel1_IRQHandler
                0x0000000008002168                Default_Handler
                0x0000000008002168                DMA2_Channel7_IRQHandler
                0x0000000008002168                TIM7_IRQHandler
                0x0000000008002168                SDMMC1_IRQHandler
                0x0000000008002168                TIM5_IRQHandler
                0x0000000008002168                I2C3_EV_IRQHandler
                0x0000000008002168                RTC_WKUP_IRQHandler
                0x0000000008002168                PVD_PVM_IRQHandler
                0x0000000008002168                SPI2_IRQHandler
                0x0000000008002168                CAN1_TX_IRQHandler
                0x0000000008002168                DMA2_Channel5_IRQHandler
                0x0000000008002168                DMA1_Channel5_IRQHandler
                0x0000000008002168                EXTI4_IRQHandler
                0x0000000008002168                RNG_IRQHandler
                0x0000000008002168                TIM1_TRG_COM_TIM17_IRQHandler
                0x0000000008002168                DMA1_Channel3_IRQHandler
                0x0000000008002168                COMP_IRQHandler
                0x0000000008002168                WWDG_IRQHandler
                0x0000000008002168                LPUART1_IRQHandler
                0x0000000008002168                DMA2_Channel6_IRQHandler
                0x0000000008002168                TIM2_IRQHandler
                0x0000000008002168                EXTI1_IRQHandler
                0x0000000008002168                USART2_IRQHandler
                0x0000000008002168                DFSDM1_FLT0_IRQHandler
                0x0000000008002168                I2C2_ER_IRQHandler
                0x0000000008002168                DMA1_Channel2_IRQHandler
                0x0000000008002168                TIM8_BRK_IRQHandler
                0x0000000008002168                CAN1_SCE_IRQHandler
                0x0000000008002168                FLASH_IRQHandler
                0x0000000008002168                USART1_IRQHandler
                0x0000000008002168                OTG_FS_IRQHandler
                0x0000000008002168                SPI3_IRQHandler
                0x0000000008002168                I2C1_ER_IRQHandler
                0x0000000008002168                FMC_IRQHandler
                0x0000000008002168                SWPMI1_IRQHandler
                0x0000000008002168                LPTIM1_IRQHandler
                0x0000000008002168                SAI1_IRQHandler
                0x0000000008002168                DMA2_Channel3_IRQHandler
                0x0000000008002168                TIM1_BRK_TIM15_IRQHandler
 *fill*         0x000000000800216a        0x2 
 .text.BSP_TSENSOR_Init
                0x000000000800216c       0x38 Drivers/BSP_B-L475E-IOT01-bfe8272ced90/Drivers/BSP/B-L475E-IOT01/stm32l475e_iot01_tsensor.o
                0x000000000800216c                BSP_TSENSOR_Init
 .text.BSP_TSENSOR_ReadTemp
                0x00000000080021a4       0x1c Drivers/BSP_B-L475E-IOT01-bfe8272ced90/Drivers/BSP/B-L475E-IOT01/stm32l475e_iot01_tsensor.o
                0x00000000080021a4                BSP_TSENSOR_ReadTemp
 .text.HTS221_T_Init
                0x00000000080021c0       0x5a Drivers/BSP_B-L475E-IOT01-bfe8272ced90/Drivers/BSP/Components/hts221/hts221.o
                0x00000000080021c0                HTS221_T_Init
 .text.HTS221_T_ReadTemp
                0x000000000800221a      0x10e Drivers/BSP_B-L475E-IOT01-bfe8272ced90/Drivers/BSP/Components/hts221/hts221.o
                0x000000000800221a                HTS221_T_ReadTemp
 .text.HAL_Init
                0x0000000008002328       0x30 Drivers/STM32L4xx_HAL_Driver/Src/stm32l4xx_hal.o
                0x0000000008002328                HAL_Init
 .text.HAL_InitTick
                0x0000000008002358       0x74 Drivers/STM32L4xx_HAL_Driver/Src/stm32l4xx_hal.o
                0x0000000008002358                HAL_InitTick
 .text.HAL_IncTick
                0x00000000080023cc       0x24 Drivers/STM32L4xx_HAL_Driver/Src/stm32l4xx_hal.o
                0x00000000080023cc                HAL_IncTick
 .text.HAL_GetTick
                0x00000000080023f0       0x18 Drivers/STM32L4xx_HAL_Driver/Src/stm32l4xx_hal.o
                0x00000000080023f0                HAL_GetTick
 .text.HAL_Delay
                0x0000000008002408       0x44 Drivers/STM32L4xx_HAL_Driver/Src/stm32l4xx_hal.o
                0x0000000008002408                HAL_Delay
 .text.__NVIC_SetPriorityGrouping
                0x000000000800244c       0x48 Drivers/STM32L4xx_HAL_Driver/Src/stm32l4xx_hal_cortex.o
 .text.__NVIC_GetPriorityGrouping
                0x0000000008002494       0x1c Drivers/STM32L4xx_HAL_Driver/Src/stm32l4xx_hal_cortex.o
 .text.__NVIC_EnableIRQ
                0x00000000080024b0       0x3c Drivers/STM32L4xx_HAL_Driver/Src/stm32l4xx_hal_cortex.o
 .text.__NVIC_SetPriority
                0x00000000080024ec       0x54 Drivers/STM32L4xx_HAL_Driver/Src/stm32l4xx_hal_cortex.o
 .text.NVIC_EncodePriority
                0x0000000008002540       0x66 Drivers/STM32L4xx_HAL_Driver/Src/stm32l4xx_hal_cortex.o
 *fill*         0x00000000080025a6        0x2 
 .text.SysTick_Config
                0x00000000080025a8       0x44 Drivers/STM32L4xx_HAL_Driver/Src/stm32l4xx_hal_cortex.o
 .text.HAL_NVIC_SetPriorityGrouping
                0x00000000080025ec       0x16 Drivers/STM32L4xx_HAL_Driver/Src/stm32l4xx_hal_cortex.o
                0x00000000080025ec                HAL_NVIC_SetPriorityGrouping
 .text.HAL_NVIC_SetPriority
                0x0000000008002602       0x38 Drivers/STM32L4xx_HAL_Driver/Src/stm32l4xx_hal_cortex.o
                0x0000000008002602                HAL_NVIC_SetPriority
 .text.HAL_NVIC_EnableIRQ
                0x000000000800263a       0x1c Drivers/STM32L4xx_HAL_Driver/Src/stm32l4xx_hal_cortex.o
                0x000000000800263a                HAL_NVIC_EnableIRQ
 .text.HAL_SYSTICK_Config
                0x0000000008002656       0x18 Drivers/STM32L4xx_HAL_Driver/Src/stm32l4xx_hal_cortex.o
                0x0000000008002656                HAL_SYSTICK_Config
 *fill*         0x000000000800266e        0x2 
 .text.HAL_DFSDM_ChannelInit
                0x0000000008002670      0x180 Drivers/STM32L4xx_HAL_Driver/Src/stm32l4xx_hal_dfsdm.o
                0x0000000008002670                HAL_DFSDM_ChannelInit
 .text.DFSDM_GetChannelFromInstance
                0x00000000080027f0       0x98 Drivers/STM32L4xx_HAL_Driver/Src/stm32l4xx_hal_dfsdm.o
 .text.HAL_GPIO_Init
                0x0000000008002888      0x350 Drivers/STM32L4xx_HAL_Driver/Src/stm32l4xx_hal_gpio.o
                0x0000000008002888                HAL_GPIO_Init
 .text.HAL_GPIO_DeInit
                0x0000000008002bd8      0x1e8 Drivers/STM32L4xx_HAL_Driver/Src/stm32l4xx_hal_gpio.o
                0x0000000008002bd8                HAL_GPIO_DeInit
 .text.HAL_GPIO_ReadPin
                0x0000000008002dc0       0x30 Drivers/STM32L4xx_HAL_Driver/Src/stm32l4xx_hal_gpio.o
                0x0000000008002dc0                HAL_GPIO_ReadPin
 .text.HAL_GPIO_WritePin
                0x0000000008002df0       0x30 Drivers/STM32L4xx_HAL_Driver/Src/stm32l4xx_hal_gpio.o
                0x0000000008002df0                HAL_GPIO_WritePin
 .text.HAL_GPIO_TogglePin
                0x0000000008002e20       0x32 Drivers/STM32L4xx_HAL_Driver/Src/stm32l4xx_hal_gpio.o
                0x0000000008002e20                HAL_GPIO_TogglePin
 *fill*         0x0000000008002e52        0x2 
 .text.HAL_GPIO_EXTI_IRQHandler
                0x0000000008002e54       0x30 Drivers/STM32L4xx_HAL_Driver/Src/stm32l4xx_hal_gpio.o
                0x0000000008002e54                HAL_GPIO_EXTI_IRQHandler
 .text.HAL_GPIO_EXTI_Callback
                0x0000000008002e84       0x16 Drivers/STM32L4xx_HAL_Driver/Src/stm32l4xx_hal_gpio.o
                0x0000000008002e84                HAL_GPIO_EXTI_Callback
 .text.HAL_I2C_Init
                0x0000000008002e9a      0x11e Drivers/STM32L4xx_HAL_Driver/Src/stm32l4xx_hal_i2c.o
                0x0000000008002e9a                HAL_I2C_Init
 .text.HAL_I2C_DeInit
                0x0000000008002fb8       0x5e Drivers/STM32L4xx_HAL_Driver/Src/stm32l4xx_hal_i2c.o
                0x0000000008002fb8                HAL_I2C_DeInit
 *fill*         0x0000000008003016        0x2 
 .text.HAL_I2C_Master_Transmit
                0x0000000008003018      0x1e8 Drivers/STM32L4xx_HAL_Driver/Src/stm32l4xx_hal_i2c.o
                0x0000000008003018                HAL_I2C_Master_Transmit
 .text.HAL_I2C_Master_Receive
                0x0000000008003200      0x1ec Drivers/STM32L4xx_HAL_Driver/Src/stm32l4xx_hal_i2c.o
                0x0000000008003200                HAL_I2C_Master_Receive
 .text.HAL_I2C_Mem_Write
                0x00000000080033ec      0x228 Drivers/STM32L4xx_HAL_Driver/Src/stm32l4xx_hal_i2c.o
                0x00000000080033ec                HAL_I2C_Mem_Write
 .text.HAL_I2C_Mem_Read
                0x0000000008003614      0x234 Drivers/STM32L4xx_HAL_Driver/Src/stm32l4xx_hal_i2c.o
                0x0000000008003614                HAL_I2C_Mem_Read
 .text.I2C_RequestMemoryWrite
                0x0000000008003848       0xa8 Drivers/STM32L4xx_HAL_Driver/Src/stm32l4xx_hal_i2c.o
 .text.I2C_RequestMemoryRead
                0x00000000080038f0       0xa8 Drivers/STM32L4xx_HAL_Driver/Src/stm32l4xx_hal_i2c.o
 .text.I2C_Flush_TXDR
                0x0000000008003998       0x48 Drivers/STM32L4xx_HAL_Driver/Src/stm32l4xx_hal_i2c.o
 .text.I2C_WaitOnFlagUntilTimeout
                0x00000000080039e0       0x80 Drivers/STM32L4xx_HAL_Driver/Src/stm32l4xx_hal_i2c.o
 .text.I2C_WaitOnTXISFlagUntilTimeout
                0x0000000008003a60       0x80 Drivers/STM32L4xx_HAL_Driver/Src/stm32l4xx_hal_i2c.o
 .text.I2C_WaitOnSTOPFlagUntilTimeout
                0x0000000008003ae0       0x78 Drivers/STM32L4xx_HAL_Driver/Src/stm32l4xx_hal_i2c.o
 .text.I2C_WaitOnRXNEFlagUntilTimeout
                0x0000000008003b58       0xd8 Drivers/STM32L4xx_HAL_Driver/Src/stm32l4xx_hal_i2c.o
 .text.I2C_IsAcknowledgeFailed
                0x0000000008003c30       0xcc Drivers/STM32L4xx_HAL_Driver/Src/stm32l4xx_hal_i2c.o
 .text.I2C_TransferConfig
                0x0000000008003cfc       0x5c Drivers/STM32L4xx_HAL_Driver/Src/stm32l4xx_hal_i2c.o
 .text.HAL_I2CEx_ConfigAnalogFilter
                0x0000000008003d58       0x96 Drivers/STM32L4xx_HAL_Driver/Src/stm32l4xx_hal_i2c_ex.o
                0x0000000008003d58                HAL_I2CEx_ConfigAnalogFilter
 .text.HAL_I2CEx_ConfigDigitalFilter
                0x0000000008003dee       0x98 Drivers/STM32L4xx_HAL_Driver/Src/stm32l4xx_hal_i2c_ex.o
                0x0000000008003dee                HAL_I2CEx_ConfigDigitalFilter
 .text.HAL_PCD_Init
                0x0000000008003e86      0x248 Drivers/STM32L4xx_HAL_Driver/Src/stm32l4xx_hal_pcd.o
                0x0000000008003e86                HAL_PCD_Init
 .text.HAL_PCDEx_ActivateLPM
                0x00000000080040ce       0x48 Drivers/STM32L4xx_HAL_Driver/Src/stm32l4xx_hal_pcd_ex.o
                0x00000000080040ce                HAL_PCDEx_ActivateLPM
 *fill*         0x0000000008004116        0x2 
 .text.HAL_PWR_EnableBkUpAccess
                0x0000000008004118       0x20 Drivers/STM32L4xx_HAL_Driver/Src/stm32l4xx_hal_pwr.o
                0x0000000008004118                HAL_PWR_EnableBkUpAccess
 .text.HAL_PWREx_GetVoltageRange
                0x0000000008004138       0x1c Drivers/STM32L4xx_HAL_Driver/Src/stm32l4xx_hal_pwr_ex.o
                0x0000000008004138                HAL_PWREx_GetVoltageRange
 .text.HAL_PWREx_ControlVoltageScaling
                0x0000000008004154       0xac Drivers/STM32L4xx_HAL_Driver/Src/stm32l4xx_hal_pwr_ex.o
                0x0000000008004154                HAL_PWREx_ControlVoltageScaling
 .text.HAL_PWREx_EnableVddUSB
                0x0000000008004200       0x20 Drivers/STM32L4xx_HAL_Driver/Src/stm32l4xx_hal_pwr_ex.o
                0x0000000008004200                HAL_PWREx_EnableVddUSB
 .text.HAL_QSPI_Init
                0x0000000008004220      0x104 Drivers/STM32L4xx_HAL_Driver/Src/stm32l4xx_hal_qspi.o
                0x0000000008004220                HAL_QSPI_Init
 .text.HAL_QSPI_SetTimeout
                0x0000000008004324       0x1c Drivers/STM32L4xx_HAL_Driver/Src/stm32l4xx_hal_qspi.o
                0x0000000008004324                HAL_QSPI_SetTimeout
 .text.QSPI_WaitFlagStateUntilTimeout
                0x0000000008004340       0x6e Drivers/STM32L4xx_HAL_Driver/Src/stm32l4xx_hal_qspi.o
 *fill*         0x00000000080043ae        0x2 
 .text.HAL_RCC_OscConfig
                0x00000000080043b0      0x7cc Drivers/STM32L4xx_HAL_Driver/Src/stm32l4xx_hal_rcc.o
                0x00000000080043b0                HAL_RCC_OscConfig
 .text.HAL_RCC_ClockConfig
                0x0000000008004b7c      0x1c4 Drivers/STM32L4xx_HAL_Driver/Src/stm32l4xx_hal_rcc.o
                0x0000000008004b7c                HAL_RCC_ClockConfig
 .text.HAL_RCC_GetSysClockFreq
                0x0000000008004d40      0x114 Drivers/STM32L4xx_HAL_Driver/Src/stm32l4xx_hal_rcc.o
                0x0000000008004d40                HAL_RCC_GetSysClockFreq
 .text.HAL_RCC_GetHCLKFreq
                0x0000000008004e54       0x18 Drivers/STM32L4xx_HAL_Driver/Src/stm32l4xx_hal_rcc.o
                0x0000000008004e54                HAL_RCC_GetHCLKFreq
 .text.HAL_RCC_GetPCLK1Freq
                0x0000000008004e6c       0x2c Drivers/STM32L4xx_HAL_Driver/Src/stm32l4xx_hal_rcc.o
                0x0000000008004e6c                HAL_RCC_GetPCLK1Freq
 .text.HAL_RCC_GetPCLK2Freq
                0x0000000008004e98       0x2c Drivers/STM32L4xx_HAL_Driver/Src/stm32l4xx_hal_rcc.o
                0x0000000008004e98                HAL_RCC_GetPCLK2Freq
 .text.RCC_SetFlashLatencyFromMSIRange
                0x0000000008004ec4       0xc0 Drivers/STM32L4xx_HAL_Driver/Src/stm32l4xx_hal_rcc.o
 .text.HAL_RCCEx_PeriphCLKConfig
                0x0000000008004f84      0x5cc Drivers/STM32L4xx_HAL_Driver/Src/stm32l4xx_hal_rcc_ex.o
                0x0000000008004f84                HAL_RCCEx_PeriphCLKConfig
 .text.HAL_RCCEx_EnableMSIPLLMode
                0x0000000008005550       0x20 Drivers/STM32L4xx_HAL_Driver/Src/stm32l4xx_hal_rcc_ex.o
                0x0000000008005550                HAL_RCCEx_EnableMSIPLLMode
 .text.RCCEx_PLLSAI1_Config
                0x0000000008005570      0x1e0 Drivers/STM32L4xx_HAL_Driver/Src/stm32l4xx_hal_rcc_ex.o
 .text.RCCEx_PLLSAI2_Config
                0x0000000008005750      0x1b4 Drivers/STM32L4xx_HAL_Driver/Src/stm32l4xx_hal_rcc_ex.o
 .text.HAL_SPI_Init
                0x0000000008005904      0x114 Drivers/STM32L4xx_HAL_Driver/Src/stm32l4xx_hal_spi.o
                0x0000000008005904                HAL_SPI_Init
 .text.HAL_UART_Init
                0x0000000008005a18       0x9c Drivers/STM32L4xx_HAL_Driver/Src/stm32l4xx_hal_uart.o
                0x0000000008005a18                HAL_UART_Init
 .text.HAL_UART_Transmit
                0x0000000008005ab4      0x126 Drivers/STM32L4xx_HAL_Driver/Src/stm32l4xx_hal_uart.o
                0x0000000008005ab4                HAL_UART_Transmit
 *fill*         0x0000000008005bda        0x2 
 .text.UART_SetConfig
                0x0000000008005bdc      0x6e4 Drivers/STM32L4xx_HAL_Driver/Src/stm32l4xx_hal_uart.o
                0x0000000008005bdc                UART_SetConfig
 .text.UART_AdvFeatureConfig
                0x00000000080062c0      0x144 Drivers/STM32L4xx_HAL_Driver/Src/stm32l4xx_hal_uart.o
                0x00000000080062c0                UART_AdvFeatureConfig
 .text.UART_CheckIdleState
                0x0000000008006404       0x8a Drivers/STM32L4xx_HAL_Driver/Src/stm32l4xx_hal_uart.o
                0x0000000008006404                UART_CheckIdleState
 .text.UART_WaitOnFlagUntilTimeout
                0x000000000800648e       0xf6 Drivers/STM32L4xx_HAL_Driver/Src/stm32l4xx_hal_uart.o
                0x000000000800648e                UART_WaitOnFlagUntilTimeout
 .text.USB_CoreInit
                0x0000000008006584       0xa4 Drivers/STM32L4xx_HAL_Driver/Src/stm32l4xx_ll_usb.o
                0x0000000008006584                USB_CoreInit
 .text.USB_DisableGlobalInt
                0x0000000008006628       0x22 Drivers/STM32L4xx_HAL_Driver/Src/stm32l4xx_ll_usb.o
                0x0000000008006628                USB_DisableGlobalInt
 .text.USB_SetCurrentMode
                0x000000000800664a       0x54 Drivers/STM32L4xx_HAL_Driver/Src/stm32l4xx_ll_usb.o
                0x000000000800664a                USB_SetCurrentMode
 *fill*         0x000000000800669e        0x2 
 .text.USB_DevInit
                0x00000000080066a0      0x298 Drivers/STM32L4xx_HAL_Driver/Src/stm32l4xx_ll_usb.o
                0x00000000080066a0                USB_DevInit
 .text.USB_FlushTxFifo
                0x0000000008006938       0x4c Drivers/STM32L4xx_HAL_Driver/Src/stm32l4xx_ll_usb.o
                0x0000000008006938                USB_FlushTxFifo
 .text.USB_FlushRxFifo
                0x0000000008006984       0x44 Drivers/STM32L4xx_HAL_Driver/Src/stm32l4xx_ll_usb.o
                0x0000000008006984                USB_FlushRxFifo
 .text.USB_SetDevSpeed
                0x00000000080069c8       0x32 Drivers/STM32L4xx_HAL_Driver/Src/stm32l4xx_ll_usb.o
                0x00000000080069c8                USB_SetDevSpeed
 .text.USB_DevDisconnect
                0x00000000080069fa       0x30 Drivers/STM32L4xx_HAL_Driver/Src/stm32l4xx_ll_usb.o
                0x00000000080069fa                USB_DevDisconnect
 *fill*         0x0000000008006a2a        0x2 
 .text.USB_CoreReset
                0x0000000008006a2c       0x68 Drivers/STM32L4xx_HAL_Driver/Src/stm32l4xx_ll_usb.o
 .text.RB_init  0x0000000008006a94       0x4e Drivers/vl53l0x/ring_buffer.o
                0x0000000008006a94                RB_init
 .text.RB_push  0x0000000008006ae2       0x82 Drivers/vl53l0x/ring_buffer.o
                0x0000000008006ae2                RB_push
 .text.RB_full  0x0000000008006b64       0x26 Drivers/vl53l0x/ring_buffer.o
                0x0000000008006b64                RB_full
 .text.RB_sum   0x0000000008006b8a       0x56 Drivers/vl53l0x/ring_buffer.o
                0x0000000008006b8a                RB_sum
 .text.RB_mean  0x0000000008006be0       0x20 Drivers/vl53l0x/ring_buffer.o
                0x0000000008006be0                RB_mean
 .text.I2Cx_MspInit
                0x0000000008006c00       0xb0 Drivers/vl53l0x/stm32l475e_iot01.o
 .text.I2Cx_Init
                0x0000000008006cb0       0x5c Drivers/vl53l0x/stm32l475e_iot01.o
 .text.I2Cx_ReadMultiple
                0x0000000008006d0c       0x5a Drivers/vl53l0x/stm32l475e_iot01.o
 .text.I2Cx_WriteMultiple
                0x0000000008006d66       0x5a Drivers/vl53l0x/stm32l475e_iot01.o
 .text.I2Cx_Error
                0x0000000008006dc0       0x20 Drivers/vl53l0x/stm32l475e_iot01.o
 .text.SENSOR_IO_Init
                0x0000000008006de0       0x14 Drivers/vl53l0x/stm32l475e_iot01.o
                0x0000000008006de0                SENSOR_IO_Init
 .text.SENSOR_IO_Write
                0x0000000008006df4       0x34 Drivers/vl53l0x/stm32l475e_iot01.o
                0x0000000008006df4                SENSOR_IO_Write
 .text.SENSOR_IO_Read
                0x0000000008006e28       0x3c Drivers/vl53l0x/stm32l475e_iot01.o
                0x0000000008006e28                SENSOR_IO_Read
 .text.SENSOR_IO_ReadMultiple
                0x0000000008006e64       0x3c Drivers/vl53l0x/stm32l475e_iot01.o
                0x0000000008006e64                SENSOR_IO_ReadMultiple
 .text.tof_gestures_initSWIPE_1
                0x0000000008006ea0       0x42 Drivers/vl53l0x/tof_gestures_SWIPE_1.o
                0x0000000008006ea0                tof_gestures_initSWIPE_1
 *fill*         0x0000000008006ee2        0x2 
 .text.tof_gestures_detectSWIPE_1
                0x0000000008006ee4      0x1c8 Drivers/vl53l0x/tof_gestures_SWIPE_1.o
                0x0000000008006ee4                tof_gestures_detectSWIPE_1
 .text.VL53L0X_GetDeviceInfo
                0x00000000080070ac       0x26 Drivers/vl53l0x/vl53l0x_api.o
                0x00000000080070ac                VL53L0X_GetDeviceInfo
 .text.VL53L0X_GetOffsetCalibrationDataMicroMeter
                0x00000000080070d2       0x26 Drivers/vl53l0x/vl53l0x_api.o
                0x00000000080070d2                VL53L0X_GetOffsetCalibrationDataMicroMeter
 .text.VL53L0X_DataInit
                0x00000000080070f8      0x348 Drivers/vl53l0x/vl53l0x_api.o
                0x00000000080070f8                VL53L0X_DataInit
 .text.VL53L0X_StaticInit
                0x0000000008007440      0x33c Drivers/vl53l0x/vl53l0x_api.o
                0x0000000008007440                VL53L0X_StaticInit
 .text.VL53L0X_GetDeviceParameters
                0x000000000800777c      0x172 Drivers/vl53l0x/vl53l0x_api.o
                0x000000000800777c                VL53L0X_GetDeviceParameters
 *fill*         0x00000000080078ee        0x2 
 .text.VL53L0X_SetDeviceMode
                0x00000000080078f0       0x90 Drivers/vl53l0x/vl53l0x_api.o
                0x00000000080078f0                VL53L0X_SetDeviceMode
 .text.VL53L0X_GetDeviceMode
                0x0000000008007980       0x26 Drivers/vl53l0x/vl53l0x_api.o
                0x0000000008007980                VL53L0X_GetDeviceMode
 .text.VL53L0X_GetFractionEnable
                0x00000000080079a6       0x3e Drivers/vl53l0x/vl53l0x_api.o
                0x00000000080079a6                VL53L0X_GetFractionEnable
 .text.VL53L0X_SetMeasurementTimingBudgetMicroSeconds
                0x00000000080079e4       0x26 Drivers/vl53l0x/vl53l0x_api.o
                0x00000000080079e4                VL53L0X_SetMeasurementTimingBudgetMicroSeconds
 .text.VL53L0X_GetMeasurementTimingBudgetMicroSeconds
                0x0000000008007a0a       0x26 Drivers/vl53l0x/vl53l0x_api.o
                0x0000000008007a0a                VL53L0X_GetMeasurementTimingBudgetMicroSeconds
 .text.VL53L0X_SetVcselPulsePeriod
                0x0000000008007a30       0x30 Drivers/vl53l0x/vl53l0x_api.o
                0x0000000008007a30                VL53L0X_SetVcselPulsePeriod
 .text.VL53L0X_GetVcselPulsePeriod
                0x0000000008007a60       0x2e Drivers/vl53l0x/vl53l0x_api.o
                0x0000000008007a60                VL53L0X_GetVcselPulsePeriod
 *fill*         0x0000000008007a8e        0x2 
 .text.VL53L0X_SetSequenceStepEnable
                0x0000000008007a90      0x144 Drivers/vl53l0x/vl53l0x_api.o
                0x0000000008007a90                VL53L0X_SetSequenceStepEnable
 .text.sequence_step_enabled
                0x0000000008007bd4       0xa4 Drivers/vl53l0x/vl53l0x_api.o
                0x0000000008007bd4                sequence_step_enabled
 .text.VL53L0X_GetSequenceStepEnables
                0x0000000008007c78       0xb0 Drivers/vl53l0x/vl53l0x_api.o
                0x0000000008007c78                VL53L0X_GetSequenceStepEnables
 .text.VL53L0X_GetInterMeasurementPeriodMilliSeconds
                0x0000000008007d28       0x68 Drivers/vl53l0x/vl53l0x_api.o
                0x0000000008007d28                VL53L0X_GetInterMeasurementPeriodMilliSeconds
 .text.VL53L0X_GetXTalkCompensationEnable
                0x0000000008007d90       0x2a Drivers/vl53l0x/vl53l0x_api.o
                0x0000000008007d90                VL53L0X_GetXTalkCompensationEnable
 .text.VL53L0X_GetXTalkCompensationRateMegaCps
                0x0000000008007dba       0x66 Drivers/vl53l0x/vl53l0x_api.o
                0x0000000008007dba                VL53L0X_GetXTalkCompensationRateMegaCps
 .text.VL53L0X_SetLimitCheckEnable
                0x0000000008007e20      0x118 Drivers/vl53l0x/vl53l0x_api.o
                0x0000000008007e20                VL53L0X_SetLimitCheckEnable
 .text.VL53L0X_GetLimitCheckEnable
                0x0000000008007f38       0x46 Drivers/vl53l0x/vl53l0x_api.o
                0x0000000008007f38                VL53L0X_GetLimitCheckEnable
 *fill*         0x0000000008007f7e        0x2 
 .text.VL53L0X_SetLimitCheckValue
                0x0000000008007f80       0xc4 Drivers/vl53l0x/vl53l0x_api.o
                0x0000000008007f80                VL53L0X_SetLimitCheckValue
 .text.VL53L0X_GetLimitCheckValue
                0x0000000008008044      0x11c Drivers/vl53l0x/vl53l0x_api.o
                0x0000000008008044                VL53L0X_GetLimitCheckValue
 .text.VL53L0X_GetWrapAroundCheckEnable
                0x0000000008008160       0x64 Drivers/vl53l0x/vl53l0x_api.o
                0x0000000008008160                VL53L0X_GetWrapAroundCheckEnable
 .text.VL53L0X_PerformSingleMeasurement
                0x00000000080081c4       0x68 Drivers/vl53l0x/vl53l0x_api.o
                0x00000000080081c4                VL53L0X_PerformSingleMeasurement
 .text.VL53L0X_PerformRefCalibration
                0x000000000800822c       0x2c Drivers/vl53l0x/vl53l0x_api.o
                0x000000000800822c                VL53L0X_PerformRefCalibration
 .text.VL53L0X_CheckAndLoadInterruptSettings
                0x0000000008008258      0x210 Drivers/vl53l0x/vl53l0x_api.o
                0x0000000008008258                VL53L0X_CheckAndLoadInterruptSettings
 .text.VL53L0X_StartMeasurement
                0x0000000008008468      0x17e Drivers/vl53l0x/vl53l0x_api.o
                0x0000000008008468                VL53L0X_StartMeasurement
 .text.VL53L0X_GetMeasurementDataReady
                0x00000000080085e6       0x80 Drivers/vl53l0x/vl53l0x_api.o
                0x00000000080085e6                VL53L0X_GetMeasurementDataReady
 *fill*         0x0000000008008666        0x2 
 .text.VL53L0X_GetRangingMeasurementData
                0x0000000008008668      0x248 Drivers/vl53l0x/vl53l0x_api.o
                0x0000000008008668                VL53L0X_GetRangingMeasurementData
 .text.VL53L0X_PerformSingleRangingMeasurement
                0x00000000080088b0       0x60 Drivers/vl53l0x/vl53l0x_api.o
                0x00000000080088b0                VL53L0X_PerformSingleRangingMeasurement
 .text.VL53L0X_SetGpioConfig
                0x0000000008008910      0x284 Drivers/vl53l0x/vl53l0x_api.o
                0x0000000008008910                VL53L0X_SetGpioConfig
 .text.VL53L0X_GetInterruptThresholds
                0x0000000008008b94       0x6c Drivers/vl53l0x/vl53l0x_api.o
                0x0000000008008b94                VL53L0X_GetInterruptThresholds
 .text.VL53L0X_ClearInterruptMask
                0x0000000008008c00       0x88 Drivers/vl53l0x/vl53l0x_api.o
                0x0000000008008c00                VL53L0X_ClearInterruptMask
 .text.VL53L0X_GetInterruptMaskStatus
                0x0000000008008c88       0x44 Drivers/vl53l0x/vl53l0x_api.o
                0x0000000008008c88                VL53L0X_GetInterruptMaskStatus
 .text.VL53L0X_PerformRefSpadManagement
                0x0000000008008ccc       0x2a Drivers/vl53l0x/vl53l0x_api.o
                0x0000000008008ccc                VL53L0X_PerformRefSpadManagement
 .text.VL53L0X_get_offset_calibration_data_micro_meter
                0x0000000008008cf6       0x7e Drivers/vl53l0x/vl53l0x_api_calibration.o
                0x0000000008008cf6                VL53L0X_get_offset_calibration_data_micro_meter
 .text.get_next_good_spad
                0x0000000008008d74       0xbc Drivers/vl53l0x/vl53l0x_api_calibration.o
                0x0000000008008d74                get_next_good_spad
 .text.is_aperture
                0x0000000008008e30       0x34 Drivers/vl53l0x/vl53l0x_api_calibration.o
                0x0000000008008e30                is_aperture
 .text.enable_spad_bit
                0x0000000008008e64       0x70 Drivers/vl53l0x/vl53l0x_api_calibration.o
                0x0000000008008e64                enable_spad_bit
 .text.set_ref_spad_map
                0x0000000008008ed4       0x26 Drivers/vl53l0x/vl53l0x_api_calibration.o
                0x0000000008008ed4                set_ref_spad_map
 .text.get_ref_spad_map
                0x0000000008008efa       0x26 Drivers/vl53l0x/vl53l0x_api_calibration.o
                0x0000000008008efa                get_ref_spad_map
 .text.enable_ref_spads
                0x0000000008008f20       0xfe Drivers/vl53l0x/vl53l0x_api_calibration.o
                0x0000000008008f20                enable_ref_spads
 .text.perform_ref_signal_measurement
                0x000000000800901e       0xe4 Drivers/vl53l0x/vl53l0x_api_calibration.o
                0x000000000800901e                perform_ref_signal_measurement
 .text.VL53L0X_perform_ref_spad_management
                0x0000000008009102      0x43a Drivers/vl53l0x/vl53l0x_api_calibration.o
                0x0000000008009102                VL53L0X_perform_ref_spad_management
 .text.VL53L0X_set_reference_spads
                0x000000000800953c      0x13c Drivers/vl53l0x/vl53l0x_api_calibration.o
                0x000000000800953c                VL53L0X_set_reference_spads
 .text.VL53L0X_perform_single_ref_calibration
                0x0000000008009678       0x76 Drivers/vl53l0x/vl53l0x_api_calibration.o
                0x0000000008009678                VL53L0X_perform_single_ref_calibration
 .text.VL53L0X_ref_calibration_io
                0x00000000080096ee      0x15a Drivers/vl53l0x/vl53l0x_api_calibration.o
                0x00000000080096ee                VL53L0X_ref_calibration_io
 .text.VL53L0X_perform_vhv_calibration
                0x0000000008009848       0xce Drivers/vl53l0x/vl53l0x_api_calibration.o
                0x0000000008009848                VL53L0X_perform_vhv_calibration
 .text.VL53L0X_perform_phase_calibration
                0x0000000008009916       0xca Drivers/vl53l0x/vl53l0x_api_calibration.o
                0x0000000008009916                VL53L0X_perform_phase_calibration
 .text.VL53L0X_perform_ref_calibration
                0x00000000080099e0       0x7a Drivers/vl53l0x/vl53l0x_api_calibration.o
                0x00000000080099e0                VL53L0X_perform_ref_calibration
 .text.VL53L0X_measurement_poll_for_completion
                0x0000000008009a5a       0x60 Drivers/vl53l0x/vl53l0x_api_core.o
                0x0000000008009a5a                VL53L0X_measurement_poll_for_completion
 .text.VL53L0X_decode_vcsel_period
                0x0000000008009aba       0x26 Drivers/vl53l0x/vl53l0x_api_core.o
                0x0000000008009aba                VL53L0X_decode_vcsel_period
 .text.VL53L0X_encode_vcsel_period
                0x0000000008009ae0       0x26 Drivers/vl53l0x/vl53l0x_api_core.o
                0x0000000008009ae0                VL53L0X_encode_vcsel_period
 .text.VL53L0X_isqrt
                0x0000000008009b06       0x68 Drivers/vl53l0x/vl53l0x_api_core.o
                0x0000000008009b06                VL53L0X_isqrt
 .text.VL53L0X_device_read_strobe
                0x0000000008009b6e       0x8e Drivers/vl53l0x/vl53l0x_api_core.o
                0x0000000008009b6e                VL53L0X_device_read_strobe
 .text.VL53L0X_get_info_from_device
                0x0000000008009bfc      0xaa4 Drivers/vl53l0x/vl53l0x_api_core.o
                0x0000000008009bfc                VL53L0X_get_info_from_device
 .text.VL53L0X_calc_macro_period_ps
                0x000000000800a6a0       0x3a Drivers/vl53l0x/vl53l0x_api_core.o
                0x000000000800a6a0                VL53L0X_calc_macro_period_ps
 .text.VL53L0X_encode_timeout
                0x000000000800a6da       0x58 Drivers/vl53l0x/vl53l0x_api_core.o
                0x000000000800a6da                VL53L0X_encode_timeout
 .text.VL53L0X_decode_timeout
                0x000000000800a732       0x2c Drivers/vl53l0x/vl53l0x_api_core.o
                0x000000000800a732                VL53L0X_decode_timeout
 *fill*         0x000000000800a75e        0x2 
 .text.VL53L0X_calc_timeout_mclks
                0x000000000800a760       0x54 Drivers/vl53l0x/vl53l0x_api_core.o
                0x000000000800a760                VL53L0X_calc_timeout_mclks
 .text.VL53L0X_calc_timeout_us
                0x000000000800a7b4       0x54 Drivers/vl53l0x/vl53l0x_api_core.o
                0x000000000800a7b4                VL53L0X_calc_timeout_us
 .text.get_sequence_step_timeout
                0x000000000800a808      0x1a2 Drivers/vl53l0x/vl53l0x_api_core.o
                0x000000000800a808                get_sequence_step_timeout
 .text.set_sequence_step_timeout
                0x000000000800a9aa      0x1d0 Drivers/vl53l0x/vl53l0x_api_core.o
                0x000000000800a9aa                set_sequence_step_timeout
 .text.VL53L0X_set_vcsel_pulse_period
                0x000000000800ab7a      0x4d4 Drivers/vl53l0x/vl53l0x_api_core.o
                0x000000000800ab7a                VL53L0X_set_vcsel_pulse_period
 .text.VL53L0X_get_vcsel_pulse_period
                0x000000000800b04e       0x6e Drivers/vl53l0x/vl53l0x_api_core.o
                0x000000000800b04e                VL53L0X_get_vcsel_pulse_period
 .text.VL53L0X_set_measurement_timing_budget_micro_seconds
                0x000000000800b0bc      0x194 Drivers/vl53l0x/vl53l0x_api_core.o
                0x000000000800b0bc                VL53L0X_set_measurement_timing_budget_micro_seconds
 .text.VL53L0X_get_measurement_timing_budget_micro_seconds
                0x000000000800b250      0x158 Drivers/vl53l0x/vl53l0x_api_core.o
                0x000000000800b250                VL53L0X_get_measurement_timing_budget_micro_seconds
 .text.VL53L0X_load_tuning_settings
                0x000000000800b3a8      0x1c4 Drivers/vl53l0x/vl53l0x_api_core.o
                0x000000000800b3a8                VL53L0X_load_tuning_settings
 .text.VL53L0X_get_total_xtalk_rate
                0x000000000800b56c       0x5e Drivers/vl53l0x/vl53l0x_api_core.o
                0x000000000800b56c                VL53L0X_get_total_xtalk_rate
 .text.VL53L0X_get_total_signal_rate
                0x000000000800b5ca       0x4a Drivers/vl53l0x/vl53l0x_api_core.o
                0x000000000800b5ca                VL53L0X_get_total_signal_rate
 .text.get_dmax_lut_points
                0x000000000800b614       0x8e Drivers/vl53l0x/vl53l0x_api_core.o
                0x000000000800b614                get_dmax_lut_points
 .text.VL53L0X_calc_dmax
                0x000000000800b6a2      0x158 Drivers/vl53l0x/vl53l0x_api_core.o
                0x000000000800b6a2                VL53L0X_calc_dmax
 *fill*         0x000000000800b7fa        0x2 
 .text.VL53L0X_calc_sigma_estimate
                0x000000000800b7fc      0x464 Drivers/vl53l0x/vl53l0x_api_core.o
                0x000000000800b7fc                VL53L0X_calc_sigma_estimate
 .text.VL53L0X_get_pal_range_status
                0x000000000800bc60      0x3e2 Drivers/vl53l0x/vl53l0x_api_core.o
                0x000000000800bc60                VL53L0X_get_pal_range_status
 .text.VL53L0X_check_part_used
                0x000000000800c042       0x6c Drivers/vl53l0x/vl53l0x_api_strings.o
                0x000000000800c042                VL53L0X_check_part_used
 *fill*         0x000000000800c0ae        0x2 
 .text.VL53L0X_get_device_info
                0x000000000800c0b0      0x108 Drivers/vl53l0x/vl53l0x_api_strings.o
                0x000000000800c0b0                VL53L0X_get_device_info
 .text._I2CWrite
                0x000000000800c1b8       0x3e Drivers/vl53l0x/vl53l0x_platform.o
                0x000000000800c1b8                _I2CWrite
 .text._I2CRead
                0x000000000800c1f6       0x44 Drivers/vl53l0x/vl53l0x_platform.o
                0x000000000800c1f6                _I2CRead
 .text.VL53L0X_RdByte
                0x000000000800c23a       0x54 Drivers/vl53l0x/vl53l0x_platform.o
                0x000000000800c23a                VL53L0X_RdByte
 *fill*         0x000000000800c28e        0x2 
 .text.VL53L0X_WriteMulti
                0x000000000800c290       0x60 Drivers/vl53l0x/vl53l0x_platform.o
                0x000000000800c290                VL53L0X_WriteMulti
 .text.VL53L0X_ReadMulti
                0x000000000800c2f0       0x56 Drivers/vl53l0x/vl53l0x_platform.o
                0x000000000800c2f0                VL53L0X_ReadMulti
 *fill*         0x000000000800c346        0x2 
 .text.VL53L0X_RdWord
                0x000000000800c348       0x70 Drivers/vl53l0x/vl53l0x_platform.o
                0x000000000800c348                VL53L0X_RdWord
 .text.VL53L0X_RdDWord
                0x000000000800c3b8       0x78 Drivers/vl53l0x/vl53l0x_platform.o
                0x000000000800c3b8                VL53L0X_RdDWord
 .text.VL53L0X_WrByte
                0x000000000800c430       0x48 Drivers/vl53l0x/vl53l0x_platform.o
                0x000000000800c430                VL53L0X_WrByte
 .text.VL53L0X_WrWord
                0x000000000800c478       0x54 Drivers/vl53l0x/vl53l0x_platform.o
                0x000000000800c478                VL53L0X_WrWord
 .text.VL53L0X_UpdateByte
                0x000000000800c4cc       0x68 Drivers/vl53l0x/vl53l0x_platform.o
                0x000000000800c4cc                VL53L0X_UpdateByte
 .text.VL53L0X_PollingDelay
                0x000000000800c534       0x1e Drivers/vl53l0x/vl53l0x_platform.o
                0x000000000800c534                VL53L0X_PollingDelay
 *fill*         0x000000000800c552        0x2 
 .text.VL53L0X_PROXIMITY_Init
                0x000000000800c554       0x90 Drivers/vl53l0x/vl53l0x_proximity.o
                0x000000000800c554                VL53L0X_PROXIMITY_Init
 .text.VL53L0X_PROXIMITY_GetDistance
                0x000000000800c5e4       0x20 Drivers/vl53l0x/vl53l0x_proximity.o
                0x000000000800c5e4                VL53L0X_PROXIMITY_GetDistance
 .text.VL53L0X_PROXIMITY_MspInit
                0x000000000800c604       0x40 Drivers/vl53l0x/vl53l0x_proximity.o
                0x000000000800c604                VL53L0X_PROXIMITY_MspInit
 .text.SetupSingleShot
                0x000000000800c644      0x1a0 Drivers/vl53l0x/vl53l0x_proximity.o
                0x000000000800c644                SetupSingleShot
 .text.makeFreeRtosPriority
                0x000000000800c7e4       0x30 Middlewares/Third_Party/FreeRTOS/Source/CMSIS_RTOS/cmsis_os.o
 .text.inHandlerMode
                0x000000000800c814       0x24 Middlewares/Third_Party/FreeRTOS/Source/CMSIS_RTOS/cmsis_os.o
 .text.osKernelStart
                0x000000000800c838        0xe Middlewares/Third_Party/FreeRTOS/Source/CMSIS_RTOS/cmsis_os.o
                0x000000000800c838                osKernelStart
 .text.osThreadCreate
                0x000000000800c846       0x98 Middlewares/Third_Party/FreeRTOS/Source/CMSIS_RTOS/cmsis_os.o
                0x000000000800c846                osThreadCreate
 .text.osDelay  0x000000000800c8de       0x28 Middlewares/Third_Party/FreeRTOS/Source/CMSIS_RTOS/cmsis_os.o
                0x000000000800c8de                osDelay
 .text.osMutexCreate
                0x000000000800c906       0x30 Middlewares/Third_Party/FreeRTOS/Source/CMSIS_RTOS/cmsis_os.o
                0x000000000800c906                osMutexCreate
 .text.osSemaphoreCreate
                0x000000000800c936       0x80 Middlewares/Third_Party/FreeRTOS/Source/CMSIS_RTOS/cmsis_os.o
                0x000000000800c936                osSemaphoreCreate
 *fill*         0x000000000800c9b6        0x2 
 .text.osSemaphoreWait
                0x000000000800c9b8       0x9c Middlewares/Third_Party/FreeRTOS/Source/CMSIS_RTOS/cmsis_os.o
                0x000000000800c9b8                osSemaphoreWait
 .text.osSemaphoreRelease
                0x000000000800ca54       0x6c Middlewares/Third_Party/FreeRTOS/Source/CMSIS_RTOS/cmsis_os.o
                0x000000000800ca54                osSemaphoreRelease
 .text.osMessageCreate
                0x000000000800cac0       0x52 Middlewares/Third_Party/FreeRTOS/Source/CMSIS_RTOS/cmsis_os.o
                0x000000000800cac0                osMessageCreate
 *fill*         0x000000000800cb12        0x2 
 .text.osMessagePut
                0x000000000800cb14       0x80 Middlewares/Third_Party/FreeRTOS/Source/CMSIS_RTOS/cmsis_os.o
                0x000000000800cb14                osMessagePut
 .text.osMessageGet
                0x000000000800cb94       0xe8 Middlewares/Third_Party/FreeRTOS/Source/CMSIS_RTOS/cmsis_os.o
                0x000000000800cb94                osMessageGet
 .text.vListInitialise
                0x000000000800cc7c       0x40 Middlewares/Third_Party/FreeRTOS/Source/list.o
                0x000000000800cc7c                vListInitialise
 .text.vListInitialiseItem
                0x000000000800ccbc       0x1a Middlewares/Third_Party/FreeRTOS/Source/list.o
                0x000000000800ccbc                vListInitialiseItem
 .text.vListInsertEnd
                0x000000000800ccd6       0x48 Middlewares/Third_Party/FreeRTOS/Source/list.o
                0x000000000800ccd6                vListInsertEnd
 .text.vListInsert
                0x000000000800cd1e       0x72 Middlewares/Third_Party/FreeRTOS/Source/list.o
                0x000000000800cd1e                vListInsert
 .text.uxListRemove
                0x000000000800cd90       0x54 Middlewares/Third_Party/FreeRTOS/Source/list.o
                0x000000000800cd90                uxListRemove
 .text.xQueueGenericReset
                0x000000000800cde4       0xd0 Middlewares/Third_Party/FreeRTOS/Source/queue.o
                0x000000000800cde4                xQueueGenericReset
 .text.xQueueGenericCreateStatic
                0x000000000800ceb4       0xe6 Middlewares/Third_Party/FreeRTOS/Source/queue.o
                0x000000000800ceb4                xQueueGenericCreateStatic
 .text.xQueueGenericCreate
                0x000000000800cf9a       0x7e Middlewares/Third_Party/FreeRTOS/Source/queue.o
                0x000000000800cf9a                xQueueGenericCreate
 .text.prvInitialiseNewQueue
                0x000000000800d018       0x46 Middlewares/Third_Party/FreeRTOS/Source/queue.o
 .text.prvInitialiseMutex
                0x000000000800d05e       0x34 Middlewares/Third_Party/FreeRTOS/Source/queue.o
 .text.xQueueCreateMutex
                0x000000000800d092       0x30 Middlewares/Third_Party/FreeRTOS/Source/queue.o
                0x000000000800d092                xQueueCreateMutex
 .text.xQueueCreateMutexStatic
                0x000000000800d0c2       0x36 Middlewares/Third_Party/FreeRTOS/Source/queue.o
                0x000000000800d0c2                xQueueCreateMutexStatic
 .text.xQueueCreateCountingSemaphoreStatic
                0x000000000800d0f8       0x6a Middlewares/Third_Party/FreeRTOS/Source/queue.o
                0x000000000800d0f8                xQueueCreateCountingSemaphoreStatic
 .text.xQueueCreateCountingSemaphore
                0x000000000800d162       0x62 Middlewares/Third_Party/FreeRTOS/Source/queue.o
                0x000000000800d162                xQueueCreateCountingSemaphore
 .text.xQueueGenericSend
                0x000000000800d1c4      0x1f4 Middlewares/Third_Party/FreeRTOS/Source/queue.o
                0x000000000800d1c4                xQueueGenericSend
 .text.xQueueGenericSendFromISR
                0x000000000800d3b8      0x128 Middlewares/Third_Party/FreeRTOS/Source/queue.o
                0x000000000800d3b8                xQueueGenericSendFromISR
 .text.xQueueGiveFromISR
                0x000000000800d4e0      0x112 Middlewares/Third_Party/FreeRTOS/Source/queue.o
                0x000000000800d4e0                xQueueGiveFromISR
 *fill*         0x000000000800d5f2        0x2 
 .text.xQueueReceive
                0x000000000800d5f4      0x1b8 Middlewares/Third_Party/FreeRTOS/Source/queue.o
                0x000000000800d5f4                xQueueReceive
 .text.xQueueSemaphoreTake
                0x000000000800d7ac      0x210 Middlewares/Third_Party/FreeRTOS/Source/queue.o
                0x000000000800d7ac                xQueueSemaphoreTake
 .text.xQueueReceiveFromISR
                0x000000000800d9bc       0xfa Middlewares/Third_Party/FreeRTOS/Source/queue.o
                0x000000000800d9bc                xQueueReceiveFromISR
 .text.prvGetDisinheritPriorityAfterTimeout
                0x000000000800dab6       0x30 Middlewares/Third_Party/FreeRTOS/Source/queue.o
 .text.prvCopyDataToQueue
                0x000000000800dae6       0xd4 Middlewares/Third_Party/FreeRTOS/Source/queue.o
 .text.prvCopyDataFromQueue
                0x000000000800dbba       0x4c Middlewares/Third_Party/FreeRTOS/Source/queue.o
 .text.prvUnlockQueue
                0x000000000800dc06       0xa4 Middlewares/Third_Party/FreeRTOS/Source/queue.o
 .text.prvIsQueueEmpty
                0x000000000800dcaa       0x2c Middlewares/Third_Party/FreeRTOS/Source/queue.o
 .text.prvIsQueueFull
                0x000000000800dcd6       0x30 Middlewares/Third_Party/FreeRTOS/Source/queue.o
 *fill*         0x000000000800dd06        0x2 
 .text.vQueueAddToRegistry
                0x000000000800dd08       0x50 Middlewares/Third_Party/FreeRTOS/Source/queue.o
                0x000000000800dd08                vQueueAddToRegistry
 .text.vQueueWaitForMessageRestricted
                0x000000000800dd58       0x68 Middlewares/Third_Party/FreeRTOS/Source/queue.o
                0x000000000800dd58                vQueueWaitForMessageRestricted
 .text.xTaskCreateStatic
                0x000000000800ddc0       0xb4 Middlewares/Third_Party/FreeRTOS/Source/tasks.o
                0x000000000800ddc0                xTaskCreateStatic
 .text.xTaskCreate
                0x000000000800de74       0x8a Middlewares/Third_Party/FreeRTOS/Source/tasks.o
                0x000000000800de74                xTaskCreate
 .text.prvInitialiseNewTask
                0x000000000800defe      0x12e Middlewares/Third_Party/FreeRTOS/Source/tasks.o
 .text.prvAddNewTaskToReadyList
                0x000000000800e02c       0xdc Middlewares/Third_Party/FreeRTOS/Source/tasks.o
 .text.vTaskDelay
                0x000000000800e108       0x68 Middlewares/Third_Party/FreeRTOS/Source/tasks.o
                0x000000000800e108                vTaskDelay
 .text.vTaskStartScheduler
                0x000000000800e170       0xcc Middlewares/Third_Party/FreeRTOS/Source/tasks.o
                0x000000000800e170                vTaskStartScheduler
 .text.vTaskSuspendAll
                0x000000000800e23c       0x1c Middlewares/Third_Party/FreeRTOS/Source/tasks.o
                0x000000000800e23c                vTaskSuspendAll
 .text.xTaskResumeAll
                0x000000000800e258      0x138 Middlewares/Third_Party/FreeRTOS/Source/tasks.o
                0x000000000800e258                xTaskResumeAll
 .text.xTaskGetTickCount
                0x000000000800e390       0x20 Middlewares/Third_Party/FreeRTOS/Source/tasks.o
                0x000000000800e390                xTaskGetTickCount
 .text.xTaskIncrementTick
                0x000000000800e3b0      0x180 Middlewares/Third_Party/FreeRTOS/Source/tasks.o
                0x000000000800e3b0                xTaskIncrementTick
 .text.vTaskSwitchContext
                0x000000000800e530       0xec Middlewares/Third_Party/FreeRTOS/Source/tasks.o
                0x000000000800e530                vTaskSwitchContext
 .text.vTaskPlaceOnEventList
                0x000000000800e61c       0x48 Middlewares/Third_Party/FreeRTOS/Source/tasks.o
                0x000000000800e61c                vTaskPlaceOnEventList
 .text.vTaskPlaceOnEventListRestricted
                0x000000000800e664       0x54 Middlewares/Third_Party/FreeRTOS/Source/tasks.o
                0x000000000800e664                vTaskPlaceOnEventListRestricted
 .text.xTaskRemoveFromEventList
                0x000000000800e6b8       0xc4 Middlewares/Third_Party/FreeRTOS/Source/tasks.o
                0x000000000800e6b8                xTaskRemoveFromEventList
 .text.vTaskInternalSetTimeOutState
                0x000000000800e77c       0x2c Middlewares/Third_Party/FreeRTOS/Source/tasks.o
                0x000000000800e77c                vTaskInternalSetTimeOutState
 .text.xTaskCheckForTimeOut
                0x000000000800e7a8       0xc0 Middlewares/Third_Party/FreeRTOS/Source/tasks.o
                0x000000000800e7a8                xTaskCheckForTimeOut
 .text.vTaskMissedYield
                0x000000000800e868       0x18 Middlewares/Third_Party/FreeRTOS/Source/tasks.o
                0x000000000800e868                vTaskMissedYield
 .text.prvIdleTask
                0x000000000800e880       0x34 Middlewares/Third_Party/FreeRTOS/Source/tasks.o
 .text.prvInitialiseTaskLists
                0x000000000800e8b4       0x80 Middlewares/Third_Party/FreeRTOS/Source/tasks.o
 .text.prvCheckTasksWaitingTermination
                0x000000000800e934       0x58 Middlewares/Third_Party/FreeRTOS/Source/tasks.o
 .text.prvDeleteTCB
                0x000000000800e98c       0x5c Middlewares/Third_Party/FreeRTOS/Source/tasks.o
 .text.prvResetNextTaskUnblockTime
                0x000000000800e9e8       0x40 Middlewares/Third_Party/FreeRTOS/Source/tasks.o
 .text.xTaskGetSchedulerState
                0x000000000800ea28       0x3c Middlewares/Third_Party/FreeRTOS/Source/tasks.o
                0x000000000800ea28                xTaskGetSchedulerState
 .text.xTaskPriorityInherit
                0x000000000800ea64      0x100 Middlewares/Third_Party/FreeRTOS/Source/tasks.o
                0x000000000800ea64                xTaskPriorityInherit
 .text.xTaskPriorityDisinherit
                0x000000000800eb64      0x108 Middlewares/Third_Party/FreeRTOS/Source/tasks.o
                0x000000000800eb64                xTaskPriorityDisinherit
 .text.vTaskPriorityDisinheritAfterTimeout
                0x000000000800ec6c      0x130 Middlewares/Third_Party/FreeRTOS/Source/tasks.o
                0x000000000800ec6c                vTaskPriorityDisinheritAfterTimeout
 .text.pvTaskIncrementMutexHeldCount
                0x000000000800ed9c       0x28 Middlewares/Third_Party/FreeRTOS/Source/tasks.o
                0x000000000800ed9c                pvTaskIncrementMutexHeldCount
 .text.prvAddCurrentTaskToDelayedList
                0x000000000800edc4       0xcc Middlewares/Third_Party/FreeRTOS/Source/tasks.o
 .text.xTimerCreateTimerTask
                0x000000000800ee90       0x90 Middlewares/Third_Party/FreeRTOS/Source/timers.o
                0x000000000800ee90                xTimerCreateTimerTask
 .text.xTimerGenericCommand
                0x000000000800ef20       0x98 Middlewares/Third_Party/FreeRTOS/Source/timers.o
                0x000000000800ef20                xTimerGenericCommand
 .text.prvProcessExpiredTimer
                0x000000000800efb8       0x98 Middlewares/Third_Party/FreeRTOS/Source/timers.o
 .text.prvTimerTask
                0x000000000800f050       0x24 Middlewares/Third_Party/FreeRTOS/Source/timers.o
 .text.prvProcessTimerOrBlockTask
                0x000000000800f074       0x9c Middlewares/Third_Party/FreeRTOS/Source/timers.o
 .text.prvGetNextExpireTime
                0x000000000800f110       0x48 Middlewares/Third_Party/FreeRTOS/Source/timers.o
 .text.prvSampleTimeNow
                0x000000000800f158       0x40 Middlewares/Third_Party/FreeRTOS/Source/timers.o
 .text.prvInsertTimerInActiveList
                0x000000000800f198       0x84 Middlewares/Third_Party/FreeRTOS/Source/timers.o
 .text.prvProcessReceivedCommands
                0x000000000800f21c      0x188 Middlewares/Third_Party/FreeRTOS/Source/timers.o
 .text.prvSwitchTimerLists
                0x000000000800f3a4       0xc8 Middlewares/Third_Party/FreeRTOS/Source/timers.o
 .text.prvCheckForValidListAndQueue
                0x000000000800f46c       0x80 Middlewares/Third_Party/FreeRTOS/Source/timers.o
 .text.pxPortInitialiseStack
                0x000000000800f4ec       0x68 Middlewares/Third_Party/FreeRTOS/Source/portable/GCC/ARM_CM4F/port.o
                0x000000000800f4ec                pxPortInitialiseStack
 .text.prvTaskExitError
                0x000000000800f554       0x54 Middlewares/Third_Party/FreeRTOS/Source/portable/GCC/ARM_CM4F/port.o
 *fill*         0x000000000800f5a8        0x8 
 .text.SVC_Handler
                0x000000000800f5b0       0x28 Middlewares/Third_Party/FreeRTOS/Source/portable/GCC/ARM_CM4F/port.o
                0x000000000800f5b0                SVC_Handler
 .text.prvPortStartFirstTask
                0x000000000800f5d8       0x28 Middlewares/Third_Party/FreeRTOS/Source/portable/GCC/ARM_CM4F/port.o
 .text.xPortStartScheduler
                0x000000000800f600      0x13c Middlewares/Third_Party/FreeRTOS/Source/portable/GCC/ARM_CM4F/port.o
                0x000000000800f600                xPortStartScheduler
 .text.vPortEnterCritical
                0x000000000800f73c       0x5c Middlewares/Third_Party/FreeRTOS/Source/portable/GCC/ARM_CM4F/port.o
                0x000000000800f73c                vPortEnterCritical
 .text.vPortExitCritical
                0x000000000800f798       0x50 Middlewares/Third_Party/FreeRTOS/Source/portable/GCC/ARM_CM4F/port.o
                0x000000000800f798                vPortExitCritical
 *fill*         0x000000000800f7e8        0x8 
 .text.PendSV_Handler
                0x000000000800f7f0       0x68 Middlewares/Third_Party/FreeRTOS/Source/portable/GCC/ARM_CM4F/port.o
                0x000000000800f7f0                PendSV_Handler
 .text.xPortSysTickHandler
                0x000000000800f858       0x40 Middlewares/Third_Party/FreeRTOS/Source/portable/GCC/ARM_CM4F/port.o
                0x000000000800f858                xPortSysTickHandler
 .text.vPortSetupTimerInterrupt
                0x000000000800f898       0x48 Middlewares/Third_Party/FreeRTOS/Source/portable/GCC/ARM_CM4F/port.o
                0x000000000800f898                vPortSetupTimerInterrupt
 .text.vPortEnableVFP
                0x000000000800f8e0       0x14 Middlewares/Third_Party/FreeRTOS/Source/portable/GCC/ARM_CM4F/port.o
 .text.vPortValidateInterruptPriority
                0x000000000800f8f4       0x7c Middlewares/Third_Party/FreeRTOS/Source/portable/GCC/ARM_CM4F/port.o
                0x000000000800f8f4                vPortValidateInterruptPriority
 .text.pvPortMalloc
                0x000000000800f970      0x18c Middlewares/Third_Party/FreeRTOS/Source/portable/MemMang/heap_4.o
                0x000000000800f970                pvPortMalloc
 .text.vPortFree
                0x000000000800fafc       0xb0 Middlewares/Third_Party/FreeRTOS/Source/portable/MemMang/heap_4.o
                0x000000000800fafc                vPortFree
 .text.prvHeapInit
                0x000000000800fbac       0xc4 Middlewares/Third_Party/FreeRTOS/Source/portable/MemMang/heap_4.o
 .text.prvInsertBlockIntoFreeList
                0x000000000800fc70       0xb4 Middlewares/Third_Party/FreeRTOS/Source/portable/MemMang/heap_4.o
 .text.trunc    0x000000000800fd24       0x74 c:/st/stm32cubeide_1.2.0/stm32cubeide/plugins/com.st.stm32cube.ide.mcu.externaltools.gnu-tools-for-stm32.7-2018-q2-update.win32_1.0.0.201904181610/tools/bin/../lib/gcc/arm-none-eabi/7.3.1/../../../../arm-none-eabi/lib/thumb/v7e-m/fpv4-sp/hard\libm.a(lib_a-s_trunc.o)
                0x000000000800fd24                trunc
 .text.__errno  0x000000000800fd98        0xc c:/st/stm32cubeide_1.2.0/stm32cubeide/plugins/com.st.stm32cube.ide.mcu.externaltools.gnu-tools-for-stm32.7-2018-q2-update.win32_1.0.0.201904181610/tools/bin/../lib/gcc/arm-none-eabi/7.3.1/../../../../arm-none-eabi/lib/thumb/v7e-m/fpv4-sp/hard\libc_nano.a(lib_a-errno.o)
                0x000000000800fd98                __errno
 .text.__libc_init_array
                0x000000000800fda4       0x48 c:/st/stm32cubeide_1.2.0/stm32cubeide/plugins/com.st.stm32cube.ide.mcu.externaltools.gnu-tools-for-stm32.7-2018-q2-update.win32_1.0.0.201904181610/tools/bin/../lib/gcc/arm-none-eabi/7.3.1/../../../../arm-none-eabi/lib/thumb/v7e-m/fpv4-sp/hard\libc_nano.a(lib_a-init.o)
                0x000000000800fda4                __libc_init_array
 .text.memcpy   0x000000000800fdec       0x16 c:/st/stm32cubeide_1.2.0/stm32cubeide/plugins/com.st.stm32cube.ide.mcu.externaltools.gnu-tools-for-stm32.7-2018-q2-update.win32_1.0.0.201904181610/tools/bin/../lib/gcc/arm-none-eabi/7.3.1/../../../../arm-none-eabi/lib/thumb/v7e-m/fpv4-sp/hard\libc_nano.a(lib_a-memcpy-stub.o)
                0x000000000800fdec                memcpy
 .text.memset   0x000000000800fe02       0x10 c:/st/stm32cubeide_1.2.0/stm32cubeide/plugins/com.st.stm32cube.ide.mcu.externaltools.gnu-tools-for-stm32.7-2018-q2-update.win32_1.0.0.201904181610/tools/bin/../lib/gcc/arm-none-eabi/7.3.1/../../../../arm-none-eabi/lib/thumb/v7e-m/fpv4-sp/hard\libc_nano.a(lib_a-memset.o)
                0x000000000800fe02                memset
 *fill*         0x000000000800fe12        0x2 
 .text._puts_r  0x000000000800fe14       0xb8 c:/st/stm32cubeide_1.2.0/stm32cubeide/plugins/com.st.stm32cube.ide.mcu.externaltools.gnu-tools-for-stm32.7-2018-q2-update.win32_1.0.0.201904181610/tools/bin/../lib/gcc/arm-none-eabi/7.3.1/../../../../arm-none-eabi/lib/thumb/v7e-m/fpv4-sp/hard\libc_nano.a(lib_a-puts.o)
                0x000000000800fe14                _puts_r
 .text.puts     0x000000000800fecc       0x10 c:/st/stm32cubeide_1.2.0/stm32cubeide/plugins/com.st.stm32cube.ide.mcu.externaltools.gnu-tools-for-stm32.7-2018-q2-update.win32_1.0.0.201904181610/tools/bin/../lib/gcc/arm-none-eabi/7.3.1/../../../../arm-none-eabi/lib/thumb/v7e-m/fpv4-sp/hard\libc_nano.a(lib_a-puts.o)
                0x000000000800fecc                puts
 .text.snprintf
                0x000000000800fedc       0x68 c:/st/stm32cubeide_1.2.0/stm32cubeide/plugins/com.st.stm32cube.ide.mcu.externaltools.gnu-tools-for-stm32.7-2018-q2-update.win32_1.0.0.201904181610/tools/bin/../lib/gcc/arm-none-eabi/7.3.1/../../../../arm-none-eabi/lib/thumb/v7e-m/fpv4-sp/hard\libc_nano.a(lib_a-snprintf.o)
                0x000000000800fedc                sniprintf
                0x000000000800fedc                snprintf
 .text.strcpy   0x000000000800ff44       0x10 c:/st/stm32cubeide_1.2.0/stm32cubeide/plugins/com.st.stm32cube.ide.mcu.externaltools.gnu-tools-for-stm32.7-2018-q2-update.win32_1.0.0.201904181610/tools/bin/../lib/gcc/arm-none-eabi/7.3.1/../../../../arm-none-eabi/lib/thumb/v7e-m/fpv4-sp/hard\libc_nano.a(lib_a-strcpy.o)
                0x000000000800ff44                strcpy
 .text.__swbuf_r
                0x000000000800ff54       0xa4 c:/st/stm32cubeide_1.2.0/stm32cubeide/plugins/com.st.stm32cube.ide.mcu.externaltools.gnu-tools-for-stm32.7-2018-q2-update.win32_1.0.0.201904181610/tools/bin/../lib/gcc/arm-none-eabi/7.3.1/../../../../arm-none-eabi/lib/thumb/v7e-m/fpv4-sp/hard\libc_nano.a(lib_a-wbuf.o)
                0x000000000800ff54                __swbuf_r
 .text.__swsetup_r
                0x000000000800fff8       0xdc c:/st/stm32cubeide_1.2.0/stm32cubeide/plugins/com.st.stm32cube.ide.mcu.externaltools.gnu-tools-for-stm32.7-2018-q2-update.win32_1.0.0.201904181610/tools/bin/../lib/gcc/arm-none-eabi/7.3.1/../../../../arm-none-eabi/lib/thumb/v7e-m/fpv4-sp/hard\libc_nano.a(lib_a-wsetup.o)
                0x000000000800fff8                __swsetup_r
 .text.__sflush_r
                0x00000000080100d4      0x10c c:/st/stm32cubeide_1.2.0/stm32cubeide/plugins/com.st.stm32cube.ide.mcu.externaltools.gnu-tools-for-stm32.7-2018-q2-update.win32_1.0.0.201904181610/tools/bin/../lib/gcc/arm-none-eabi/7.3.1/../../../../arm-none-eabi/lib/thumb/v7e-m/fpv4-sp/hard\libc_nano.a(lib_a-fflush.o)
                0x00000000080100d4                __sflush_r
 .text._fflush_r
                0x00000000080101e0       0x54 c:/st/stm32cubeide_1.2.0/stm32cubeide/plugins/com.st.stm32cube.ide.mcu.externaltools.gnu-tools-for-stm32.7-2018-q2-update.win32_1.0.0.201904181610/tools/bin/../lib/gcc/arm-none-eabi/7.3.1/../../../../arm-none-eabi/lib/thumb/v7e-m/fpv4-sp/hard\libc_nano.a(lib_a-fflush.o)
                0x00000000080101e0                _fflush_r
 .text.std      0x0000000008010234       0x48 c:/st/stm32cubeide_1.2.0/stm32cubeide/plugins/com.st.stm32cube.ide.mcu.externaltools.gnu-tools-for-stm32.7-2018-q2-update.win32_1.0.0.201904181610/tools/bin/../lib/gcc/arm-none-eabi/7.3.1/../../../../arm-none-eabi/lib/thumb/v7e-m/fpv4-sp/hard\libc_nano.a(lib_a-findfp.o)
 .text._cleanup_r
                0x000000000801027c        0xc c:/st/stm32cubeide_1.2.0/stm32cubeide/plugins/com.st.stm32cube.ide.mcu.externaltools.gnu-tools-for-stm32.7-2018-q2-update.win32_1.0.0.201904181610/tools/bin/../lib/gcc/arm-none-eabi/7.3.1/../../../../arm-none-eabi/lib/thumb/v7e-m/fpv4-sp/hard\libc_nano.a(lib_a-findfp.o)
                0x000000000801027c                _cleanup_r
 .text.__sfmoreglue
                0x0000000008010288       0x2c c:/st/stm32cubeide_1.2.0/stm32cubeide/plugins/com.st.stm32cube.ide.mcu.externaltools.gnu-tools-for-stm32.7-2018-q2-update.win32_1.0.0.201904181610/tools/bin/../lib/gcc/arm-none-eabi/7.3.1/../../../../arm-none-eabi/lib/thumb/v7e-m/fpv4-sp/hard\libc_nano.a(lib_a-findfp.o)
                0x0000000008010288                __sfmoreglue
 .text.__sinit  0x00000000080102b4       0x60 c:/st/stm32cubeide_1.2.0/stm32cubeide/plugins/com.st.stm32cube.ide.mcu.externaltools.gnu-tools-for-stm32.7-2018-q2-update.win32_1.0.0.201904181610/tools/bin/../lib/gcc/arm-none-eabi/7.3.1/../../../../arm-none-eabi/lib/thumb/v7e-m/fpv4-sp/hard\libc_nano.a(lib_a-findfp.o)
                0x00000000080102b4                __sinit
 .text.__sfp    0x0000000008010314       0x78 c:/st/stm32cubeide_1.2.0/stm32cubeide/plugins/com.st.stm32cube.ide.mcu.externaltools.gnu-tools-for-stm32.7-2018-q2-update.win32_1.0.0.201904181610/tools/bin/../lib/gcc/arm-none-eabi/7.3.1/../../../../arm-none-eabi/lib/thumb/v7e-m/fpv4-sp/hard\libc_nano.a(lib_a-findfp.o)
                0x0000000008010314                __sfp
 .text._fwalk_reent
                0x000000000801038c       0x3c c:/st/stm32cubeide_1.2.0/stm32cubeide/plugins/com.st.stm32cube.ide.mcu.externaltools.gnu-tools-for-stm32.7-2018-q2-update.win32_1.0.0.201904181610/tools/bin/../lib/gcc/arm-none-eabi/7.3.1/../../../../arm-none-eabi/lib/thumb/v7e-m/fpv4-sp/hard\libc_nano.a(lib_a-fwalk.o)
                0x000000000801038c                _fwalk_reent
 .text.__swhatbuf_r
                0x00000000080103c8       0x48 c:/st/stm32cubeide_1.2.0/stm32cubeide/plugins/com.st.stm32cube.ide.mcu.externaltools.gnu-tools-for-stm32.7-2018-q2-update.win32_1.0.0.201904181610/tools/bin/../lib/gcc/arm-none-eabi/7.3.1/../../../../arm-none-eabi/lib/thumb/v7e-m/fpv4-sp/hard\libc_nano.a(lib_a-makebuf.o)
                0x00000000080103c8                __swhatbuf_r
 .text.__smakebuf_r
                0x0000000008010410       0x80 c:/st/stm32cubeide_1.2.0/stm32cubeide/plugins/com.st.stm32cube.ide.mcu.externaltools.gnu-tools-for-stm32.7-2018-q2-update.win32_1.0.0.201904181610/tools/bin/../lib/gcc/arm-none-eabi/7.3.1/../../../../arm-none-eabi/lib/thumb/v7e-m/fpv4-sp/hard\libc_nano.a(lib_a-makebuf.o)
                0x0000000008010410                __smakebuf_r
 .text._free_r  0x0000000008010490       0x9c c:/st/stm32cubeide_1.2.0/stm32cubeide/plugins/com.st.stm32cube.ide.mcu.externaltools.gnu-tools-for-stm32.7-2018-q2-update.win32_1.0.0.201904181610/tools/bin/../lib/gcc/arm-none-eabi/7.3.1/../../../../arm-none-eabi/lib/thumb/v7e-m/fpv4-sp/hard\libc_nano.a(lib_a-nano-freer.o)
                0x0000000008010490                _free_r
 .text._malloc_r
                0x000000000801052c       0xb4 c:/st/stm32cubeide_1.2.0/stm32cubeide/plugins/com.st.stm32cube.ide.mcu.externaltools.gnu-tools-for-stm32.7-2018-q2-update.win32_1.0.0.201904181610/tools/bin/../lib/gcc/arm-none-eabi/7.3.1/../../../../arm-none-eabi/lib/thumb/v7e-m/fpv4-sp/hard\libc_nano.a(lib_a-nano-mallocr.o)
                0x000000000801052c                _malloc_r
 .text.__ssputs_r
                0x00000000080105e0       0xb4 c:/st/stm32cubeide_1.2.0/stm32cubeide/plugins/com.st.stm32cube.ide.mcu.externaltools.gnu-tools-for-stm32.7-2018-q2-update.win32_1.0.0.201904181610/tools/bin/../lib/gcc/arm-none-eabi/7.3.1/../../../../arm-none-eabi/lib/thumb/v7e-m/fpv4-sp/hard\libc_nano.a(lib_a-nano-svfprintf.o)
                0x00000000080105e0                __ssputs_r
 .text._svfprintf_r
                0x0000000008010694      0x1f0 c:/st/stm32cubeide_1.2.0/stm32cubeide/plugins/com.st.stm32cube.ide.mcu.externaltools.gnu-tools-for-stm32.7-2018-q2-update.win32_1.0.0.201904181610/tools/bin/../lib/gcc/arm-none-eabi/7.3.1/../../../../arm-none-eabi/lib/thumb/v7e-m/fpv4-sp/hard\libc_nano.a(lib_a-nano-svfprintf.o)
                0x0000000008010694                _svfiprintf_r
                0x0000000008010694                _svfprintf_r
 .text._printf_common
                0x0000000008010884       0xea c:/st/stm32cubeide_1.2.0/stm32cubeide/plugins/com.st.stm32cube.ide.mcu.externaltools.gnu-tools-for-stm32.7-2018-q2-update.win32_1.0.0.201904181610/tools/bin/../lib/gcc/arm-none-eabi/7.3.1/../../../../arm-none-eabi/lib/thumb/v7e-m/fpv4-sp/hard\libc_nano.a(lib_a-nano-vfprintf_i.o)
                0x0000000008010884                _printf_common
 *fill*         0x000000000801096e        0x2 
 .text._printf_i
                0x0000000008010970      0x224 c:/st/stm32cubeide_1.2.0/stm32cubeide/plugins/com.st.stm32cube.ide.mcu.externaltools.gnu-tools-for-stm32.7-2018-q2-update.win32_1.0.0.201904181610/tools/bin/../lib/gcc/arm-none-eabi/7.3.1/../../../../arm-none-eabi/lib/thumb/v7e-m/fpv4-sp/hard\libc_nano.a(lib_a-nano-vfprintf_i.o)
                0x0000000008010970                _printf_i
 .text._sbrk_r  0x0000000008010b94       0x20 c:/st/stm32cubeide_1.2.0/stm32cubeide/plugins/com.st.stm32cube.ide.mcu.externaltools.gnu-tools-for-stm32.7-2018-q2-update.win32_1.0.0.201904181610/tools/bin/../lib/gcc/arm-none-eabi/7.3.1/../../../../arm-none-eabi/lib/thumb/v7e-m/fpv4-sp/hard\libc_nano.a(lib_a-sbrkr.o)
                0x0000000008010b94                _sbrk_r
 .text.__sread  0x0000000008010bb4       0x22 c:/st/stm32cubeide_1.2.0/stm32cubeide/plugins/com.st.stm32cube.ide.mcu.externaltools.gnu-tools-for-stm32.7-2018-q2-update.win32_1.0.0.201904181610/tools/bin/../lib/gcc/arm-none-eabi/7.3.1/../../../../arm-none-eabi/lib/thumb/v7e-m/fpv4-sp/hard\libc_nano.a(lib_a-stdio.o)
                0x0000000008010bb4                __sread
 .text.__swrite
                0x0000000008010bd6       0x38 c:/st/stm32cubeide_1.2.0/stm32cubeide/plugins/com.st.stm32cube.ide.mcu.externaltools.gnu-tools-for-stm32.7-2018-q2-update.win32_1.0.0.201904181610/tools/bin/../lib/gcc/arm-none-eabi/7.3.1/../../../../arm-none-eabi/lib/thumb/v7e-m/fpv4-sp/hard\libc_nano.a(lib_a-stdio.o)
                0x0000000008010bd6                __swrite
 .text.__sseek  0x0000000008010c0e       0x24 c:/st/stm32cubeide_1.2.0/stm32cubeide/plugins/com.st.stm32cube.ide.mcu.externaltools.gnu-tools-for-stm32.7-2018-q2-update.win32_1.0.0.201904181610/tools/bin/../lib/gcc/arm-none-eabi/7.3.1/../../../../arm-none-eabi/lib/thumb/v7e-m/fpv4-sp/hard\libc_nano.a(lib_a-stdio.o)
                0x0000000008010c0e                __sseek
 .text.__sclose
                0x0000000008010c32        0x8 c:/st/stm32cubeide_1.2.0/stm32cubeide/plugins/com.st.stm32cube.ide.mcu.externaltools.gnu-tools-for-stm32.7-2018-q2-update.win32_1.0.0.201904181610/tools/bin/../lib/gcc/arm-none-eabi/7.3.1/../../../../arm-none-eabi/lib/thumb/v7e-m/fpv4-sp/hard\libc_nano.a(lib_a-stdio.o)
                0x0000000008010c32                __sclose
 *fill*         0x0000000008010c3a        0x2 
 .text._write_r
                0x0000000008010c3c       0x24 c:/st/stm32cubeide_1.2.0/stm32cubeide/plugins/com.st.stm32cube.ide.mcu.externaltools.gnu-tools-for-stm32.7-2018-q2-update.win32_1.0.0.201904181610/tools/bin/../lib/gcc/arm-none-eabi/7.3.1/../../../../arm-none-eabi/lib/thumb/v7e-m/fpv4-sp/hard\libc_nano.a(lib_a-writer.o)
                0x0000000008010c3c                _write_r
 .text._close_r
                0x0000000008010c60       0x20 c:/st/stm32cubeide_1.2.0/stm32cubeide/plugins/com.st.stm32cube.ide.mcu.externaltools.gnu-tools-for-stm32.7-2018-q2-update.win32_1.0.0.201904181610/tools/bin/../lib/gcc/arm-none-eabi/7.3.1/../../../../arm-none-eabi/lib/thumb/v7e-m/fpv4-sp/hard\libc_nano.a(lib_a-closer.o)
                0x0000000008010c60                _close_r
 .text._fstat_r
                0x0000000008010c80       0x24 c:/st/stm32cubeide_1.2.0/stm32cubeide/plugins/com.st.stm32cube.ide.mcu.externaltools.gnu-tools-for-stm32.7-2018-q2-update.win32_1.0.0.201904181610/tools/bin/../lib/gcc/arm-none-eabi/7.3.1/../../../../arm-none-eabi/lib/thumb/v7e-m/fpv4-sp/hard\libc_nano.a(lib_a-fstatr.o)
                0x0000000008010c80                _fstat_r
 .text._isatty_r
                0x0000000008010ca4       0x20 c:/st/stm32cubeide_1.2.0/stm32cubeide/plugins/com.st.stm32cube.ide.mcu.externaltools.gnu-tools-for-stm32.7-2018-q2-update.win32_1.0.0.201904181610/tools/bin/../lib/gcc/arm-none-eabi/7.3.1/../../../../arm-none-eabi/lib/thumb/v7e-m/fpv4-sp/hard\libc_nano.a(lib_a-isattyr.o)
                0x0000000008010ca4                _isatty_r
 .text._lseek_r
                0x0000000008010cc4       0x24 c:/st/stm32cubeide_1.2.0/stm32cubeide/plugins/com.st.stm32cube.ide.mcu.externaltools.gnu-tools-for-stm32.7-2018-q2-update.win32_1.0.0.201904181610/tools/bin/../lib/gcc/arm-none-eabi/7.3.1/../../../../arm-none-eabi/lib/thumb/v7e-m/fpv4-sp/hard\libc_nano.a(lib_a-lseekr.o)
                0x0000000008010cc4                _lseek_r
 .text.memmove  0x0000000008010ce8       0x32 c:/st/stm32cubeide_1.2.0/stm32cubeide/plugins/com.st.stm32cube.ide.mcu.externaltools.gnu-tools-for-stm32.7-2018-q2-update.win32_1.0.0.201904181610/tools/bin/../lib/gcc/arm-none-eabi/7.3.1/../../../../arm-none-eabi/lib/thumb/v7e-m/fpv4-sp/hard\libc_nano.a(lib_a-memmove.o)
                0x0000000008010ce8                memmove
 .text.__malloc_lock
                0x0000000008010d1a        0x2 c:/st/stm32cubeide_1.2.0/stm32cubeide/plugins/com.st.stm32cube.ide.mcu.externaltools.gnu-tools-for-stm32.7-2018-q2-update.win32_1.0.0.201904181610/tools/bin/../lib/gcc/arm-none-eabi/7.3.1/../../../../arm-none-eabi/lib/thumb/v7e-m/fpv4-sp/hard\libc_nano.a(lib_a-mlock.o)
                0x0000000008010d1a                __malloc_lock
 .text.__malloc_unlock
                0x0000000008010d1c        0x2 c:/st/stm32cubeide_1.2.0/stm32cubeide/plugins/com.st.stm32cube.ide.mcu.externaltools.gnu-tools-for-stm32.7-2018-q2-update.win32_1.0.0.201904181610/tools/bin/../lib/gcc/arm-none-eabi/7.3.1/../../../../arm-none-eabi/lib/thumb/v7e-m/fpv4-sp/hard\libc_nano.a(lib_a-mlock.o)
                0x0000000008010d1c                __malloc_unlock
 .text._realloc_r
                0x0000000008010d1e       0x4c c:/st/stm32cubeide_1.2.0/stm32cubeide/plugins/com.st.stm32cube.ide.mcu.externaltools.gnu-tools-for-stm32.7-2018-q2-update.win32_1.0.0.201904181610/tools/bin/../lib/gcc/arm-none-eabi/7.3.1/../../../../arm-none-eabi/lib/thumb/v7e-m/fpv4-sp/hard\libc_nano.a(lib_a-nano-reallocr.o)
                0x0000000008010d1e                _realloc_r
 *fill*         0x0000000008010d6a        0x2 
 .text._read_r  0x0000000008010d6c       0x24 c:/st/stm32cubeide_1.2.0/stm32cubeide/plugins/com.st.stm32cube.ide.mcu.externaltools.gnu-tools-for-stm32.7-2018-q2-update.win32_1.0.0.201904181610/tools/bin/../lib/gcc/arm-none-eabi/7.3.1/../../../../arm-none-eabi/lib/thumb/v7e-m/fpv4-sp/hard\libc_nano.a(lib_a-readr.o)
                0x0000000008010d6c                _read_r
 .text._malloc_usable_size_r
                0x0000000008010d90       0x10 c:/st/stm32cubeide_1.2.0/stm32cubeide/plugins/com.st.stm32cube.ide.mcu.externaltools.gnu-tools-for-stm32.7-2018-q2-update.win32_1.0.0.201904181610/tools/bin/../lib/gcc/arm-none-eabi/7.3.1/../../../../arm-none-eabi/lib/thumb/v7e-m/fpv4-sp/hard\libc_nano.a(lib_a-nano-msizer.o)
                0x0000000008010d90                _malloc_usable_size_r
 *(.glue_7)
 .glue_7        0x0000000008010da0        0x0 linker stubs
 *(.glue_7t)
 .glue_7t       0x0000000008010da0        0x0 linker stubs
 *(.eh_frame)
 .eh_frame      0x0000000008010da0        0x0 c:/st/stm32cubeide_1.2.0/stm32cubeide/plugins/com.st.stm32cube.ide.mcu.externaltools.gnu-tools-for-stm32.7-2018-q2-update.win32_1.0.0.201904181610/tools/bin/../lib/gcc/arm-none-eabi/7.3.1/thumb/v7e-m/fpv4-sp/hard/crtbegin.o
 *(.init)