main.c:164:5:main	200	static
main.c:284:6:SystemClock_Config	232	static
main.c:360:13:MX_DFSDM1_Init	8	static
main.c:398:13:MX_I2C2_Init	8	static
main.c:444:13:MX_QUADSPI_Init	8	static
main.c:477:13:MX_SPI3_Init	8	static
main.c:517:13:MX_USART1_UART_Init	8	static
main.c:552:13:MX_USART3_UART_Init	8	static
main.c:587:13:MX_USB_OTG_FS_PCD_Init	8	static
main.c:622:13:MX_GPIO_Init	48	static
main.c:815:6:StartTaskBottone	40	static
main.c:871:6:StartTaskTemperatura	72	static
main.c:946:6:StartTaskDistanza	72	static
main.c:1003:6:StartTaskLed	56	static
main.c:1080:6:Error_Handler	4	static
